Component: ARM Compiler 5.06 update 6 (build 750) Tool: armlink [4d35ed]

==============================================================================

Section Cross References

    app_cat1_ali.o(i.App_RcvData) refers to app_cat1_ali.o(i.Mqtt_process) for Mqtt_process
    app_cat1_ali.o(i.App_RcvData) refers to uart1_print.o(i.USART1_Printf) for USART1_Printf
    app_cat1_ali.o(i.Mqtt_FuncLog) refers to memcpya.o(.text) for __aeabi_memcpy4
    app_cat1_ali.o(i.Mqtt_FuncLog) refers to memseta.o(.text) for __aeabi_memclr4
    app_cat1_ali.o(i.Mqtt_FuncLog) refers to chip.o(i.CHIP_GetId) for CHIP_GetId
    app_cat1_ali.o(i.Mqtt_FuncLog) refers to printfa.o(i.__0sprintf) for __2sprintf
    app_cat1_ali.o(i.Mqtt_FuncLog) refers to strlen.o(.text) for strlen
    app_cat1_ali.o(i.Mqtt_FuncLog) refers to utils_hmac.o(i.utils_hmac_sha1) for utils_hmac_sha1
    app_cat1_ali.o(i.Mqtt_FuncLog) refers to uart1_print.o(i.USART1_Printf) for USART1_Printf
    app_cat1_ali.o(i.Mqtt_FuncLog) refers to mqttconnectclient.o(i.MQTTSerialize_connect) for MQTTSerialize_connect
    app_cat1_ali.o(i.Mqtt_FuncLog) refers to socket_buf.o(i.Socket_SendData) for Socket_SendData
    app_cat1_ali.o(i.Mqtt_FuncLog) refers to app_cat1_ali.o(.constdata) for .constdata
    app_cat1_ali.o(i.Mqtt_FuncLog) refers to app_cat1_ali.o(.bss) for .bss
    app_cat1_ali.o(i.Mqtt_FuncLog) refers to app_cat1_ali.o(.data) for .data
    app_cat1_ali.o(i.Mqtt_FuncPub) refers to sht20.o(i.SHT20_GetValue) for SHT20_GetValue
    app_cat1_ali.o(i.Mqtt_FuncPub) refers to mpu6050.o(i.MPU6050_Read_Accel_Gyro) for MPU6050_Read_Accel_Gyro
    app_cat1_ali.o(i.Mqtt_FuncPub) refers to cjson.o(i.cJSON_CreateObject) for cJSON_CreateObject
    app_cat1_ali.o(i.Mqtt_FuncPub) refers to uart1_print.o(i.USART1_Printf) for USART1_Printf
    app_cat1_ali.o(i.Mqtt_FuncPub) refers to cjson.o(i.cJSON_CreateString) for cJSON_CreateString
    app_cat1_ali.o(i.Mqtt_FuncPub) refers to cjson.o(i.cJSON_AddItemToObject) for cJSON_AddItemToObject
    app_cat1_ali.o(i.Mqtt_FuncPub) refers to cjson.o(i.cJSON_CreateNumber) for cJSON_CreateNumber
    app_cat1_ali.o(i.Mqtt_FuncPub) refers to dfltui.o(.text) for __aeabi_ui2d
    app_cat1_ali.o(i.Mqtt_FuncPub) refers to f2d.o(.text) for __aeabi_f2d
    app_cat1_ali.o(i.Mqtt_FuncPub) refers to stm32f1xx_hal_adc.o(i.HAL_ADC_GetValue) for HAL_ADC_GetValue
    app_cat1_ali.o(i.Mqtt_FuncPub) refers to stm32f1xx_hal_adc.o(i.HAL_ADC_Start) for HAL_ADC_Start
    app_cat1_ali.o(i.Mqtt_FuncPub) refers to app_cat1_ali.o(i.Mqtt_SendJson) for Mqtt_SendJson
    app_cat1_ali.o(i.Mqtt_FuncPub) refers to app_cat1_ali.o(.data) for .data
    app_cat1_ali.o(i.Mqtt_FuncPub) refers to sht20.o(.data) for sht20_info
    app_cat1_ali.o(i.Mqtt_FuncPub) refers to main.o(.bss) for hadc1
    app_cat1_ali.o(i.Mqtt_FuncPub) refers to mpu6050.o(.bss) for mpu6050_info
    app_cat1_ali.o(i.Mqtt_SendJson) refers to cjson.o(i.cJSON_Print) for cJSON_Print
    app_cat1_ali.o(i.Mqtt_SendJson) refers to cjson.o(i.cJSON_Delete) for cJSON_Delete
    app_cat1_ali.o(i.Mqtt_SendJson) refers to strlen.o(.text) for strlen
    app_cat1_ali.o(i.Mqtt_SendJson) refers to memcpya.o(.text) for __aeabi_memcpy
    app_cat1_ali.o(i.Mqtt_SendJson) refers to mqttserializepublish.o(i.MQTTSerialize_publish) for MQTTSerialize_publish
    app_cat1_ali.o(i.Mqtt_SendJson) refers to malloc.o(i.free) for free
    app_cat1_ali.o(i.Mqtt_SendJson) refers to socket_buf.o(i.Socket_SendData) for Socket_SendData
    app_cat1_ali.o(i.Mqtt_SendJson) refers to app_cat1_ali.o(.constdata) for .constdata
    app_cat1_ali.o(i.Mqtt_SendJson) refers to app_cat1_ali.o(.data) for .data
    app_cat1_ali.o(i.Mqtt_SendJson) refers to app_cat1_ali.o(.bss) for .bss
    app_cat1_ali.o(i.Mqtt_process) refers to mqttpacket.o(i.MQTTPacket_decodeBuf) for MQTTPacket_decodeBuf
    app_cat1_ali.o(i.Mqtt_process) refers to uart1_print.o(i.USART1_PrintfBuf) for USART1_PrintfBuf
    app_cat1_ali.o(i.Mqtt_process) refers to mqttconnectclient.o(i.MQTTDeserialize_connack) for MQTTDeserialize_connack
    app_cat1_ali.o(i.Mqtt_process) refers to uart1_print.o(i.USART1_Printf) for USART1_Printf
    app_cat1_ali.o(i.Mqtt_process) refers to mqttsubscribeclient.o(i.MQTTDeserialize_suback) for MQTTDeserialize_suback
    app_cat1_ali.o(i.Mqtt_process) refers to mqttdeserializepublish.o(i.MQTTDeserialize_ack) for MQTTDeserialize_ack
    app_cat1_ali.o(i.Mqtt_process) refers to mqttdeserializepublish.o(i.MQTTDeserialize_publish) for MQTTDeserialize_publish
    app_cat1_ali.o(i.Mqtt_process) refers to mqttserializepublish.o(i.MQTTSerialize_puback) for MQTTSerialize_puback
    app_cat1_ali.o(i.Mqtt_process) refers to socket_buf.o(i.Socket_SendData) for Socket_SendData
    app_cat1_ali.o(i.Mqtt_process) refers to app_cat1_ali.o(i.Mqtt_process_payload) for Mqtt_process_payload
    app_cat1_ali.o(i.Mqtt_process) refers to app_cat1_ali.o(.data) for .data
    app_cat1_ali.o(i.Mqtt_process) refers to app_cat1_ali.o(.bss) for .bss
[...]
    __I$use$fp                               0x08000985   Thumb Code     0  iusefp.o(.text)
    _float_round                             0x08000985   Thumb Code    18  fepilogue.o(.text)
    _float_epilogue                          0x08000997   Thumb Code    92  fepilogue.o(.text)
    _double_round                            0x080009f3   Thumb Code    30  depilogue.o(.text)
    _double_epilogue                         0x08000a11   Thumb Code   156  depilogue.o(.text)
    __ARM_scalbn                             0x08000aad   Thumb Code    46  dscalb.o(.text)
    scalbn                                   0x08000aad   Thumb Code     0  dscalb.o(.text)
    __aeabi_d2ulz                            0x08000adb   Thumb Code    48  dfixul.o(.text)
    __scatterload                            0x08000b0d   Thumb Code    28  init.o(.text)
    __scatterload_rt2                        0x08000b0d   Thumb Code     0  init.o(.text)
    _strtoul                                 0x08000b31   Thumb Code   158  _strtoul.o(.text)
    _dsqrt                                   0x08000bcf   Thumb Code   162  dsqrt.o(.text)
    _chval                                   0x08000c71   Thumb Code    28  _chval.o(.text)
    __decompress                             0x08000c8d   Thumb Code     0  __dczerorl2.o(.text)
    __decompress1                            0x08000c8d   Thumb Code    86  __dczerorl2.o(.text)
    ADC_ConversionStop_Disable               0x08000ce5   Thumb Code    76  stm32f1xx_hal_adc.o(i.ADC_ConversionStop_Disable)
    ADC_Enable                               0x08000d31   Thumb Code   104  stm32f1xx_hal_adc.o(i.ADC_Enable)
    App_RcvData                              0x08000da1   Thumb Code    20  app_cat1_ali.o(i.App_RcvData)
    BusFault_Handler                         0x08000dc1   Thumb Code     2  stm32f1xx_it.o(i.BusFault_Handler)
    CHIP_GetId                               0x08000dc5   Thumb Code    44  chip.o(i.CHIP_GetId)
    CHIP_RstFlagInit                         0x08000e0d   Thumb Code    68  chip.o(i.CHIP_RstFlagInit)
    DMA1_Channel3_IRQHandler                 0x08000e75   Thumb Code     6  stm32f1xx_it.o(i.DMA1_Channel3_IRQHandler)
    DebugMon_Handler                         0x08000eab   Thumb Code     2  stm32f1xx_it.o(i.DebugMon_Handler)
    Error_Handler                            0x08000ead   Thumb Code     4  main.o(i.Error_Handler)
    HAL_ADC_ConfigChannel                    0x08000eb1   Thumb Code   240  stm32f1xx_hal_adc.o(i.HAL_ADC_ConfigChannel)
    HAL_ADC_GetValue                         0x08000fad   Thumb Code     6  stm32f1xx_hal_adc.o(i.HAL_ADC_GetValue)
    HAL_ADC_Init                             0x08000fb5   Thumb Code   272  stm32f1xx_hal_adc.o(i.HAL_ADC_Init)
    HAL_ADC_MspInit                          0x080010d5   Thumb Code    74  stm32f1xx_hal_msp.o(i.HAL_ADC_MspInit)
    HAL_ADC_Start                            0x0800112d   Thumb Code   184  stm32f1xx_hal_adc.o(i.HAL_ADC_Start)
    HAL_DMA_Abort_IT                         0x080011ed   Thumb Code   296  stm32f1xx_hal_dma.o(i.HAL_DMA_Abort_IT)
    HAL_DMA_IRQHandler                       0x0800131d   Thumb Code   552  stm32f1xx_hal_dma.o(i.HAL_DMA_IRQHandler)
    HAL_DMA_Init                             0x08001565   Thumb Code   112  stm32f1xx_hal_dma.o(i.HAL_DMA_Init)
    HAL_DMA_Start_IT                         0x080015e1   Thumb Code   112  stm32f1xx_hal_dma.o(i.HAL_DMA_Start_IT)
    HAL_Delay                                0x08001651   Thumb Code    32  stm32f1xx_hal.o(i.HAL_Delay)
    HAL_GPIO_Init                            0x08001675   Thumb Code   462  stm32f1xx_hal_gpio.o(i.HAL_GPIO_Init)
    HAL_GPIO_ReadPin                         0x0800186d   Thumb Code    10  stm32f1xx_hal_gpio.o(i.HAL_GPIO_ReadPin)
    HAL_GPIO_WritePin                        0x08001877   Thumb Code    10  stm32f1xx_hal_gpio.o(i.HAL_GPIO_WritePin)
    HAL_GetTick                              0x08001881   Thumb Code     6  stm32f1xx_hal.o(i.HAL_GetTick)
    HAL_I2C_Init                             0x0800188d   Thumb Code   376  stm32f1xx_hal_i2c.o(i.HAL_I2C_Init)
    HAL_I2C_Master_Receive                   0x08001a15   Thumb Code   564  stm32f1xx_hal_i2c.o(i.HAL_I2C_Master_Receive)
    HAL_I2C_Master_Transmit                  0x08001c59   Thumb Code   290  stm32f1xx_hal_i2c.o(i.HAL_I2C_Master_Transmit)
    HAL_I2C_Mem_Read                         0x08001d85   Thumb Code   574  stm32f1xx_hal_i2c.o(i.HAL_I2C_Mem_Read)
    HAL_I2C_Mem_Write                        0x08001fd5   Thumb Code   294  stm32f1xx_hal_i2c.o(i.HAL_I2C_Mem_Write)
    HAL_I2C_MspInit                          0x08002105   Thumb Code    80  stm32f1xx_hal_msp.o(i.HAL_I2C_MspInit)
    HAL_IncTick                              0x08002161   Thumb Code    12  stm32f1xx_hal.o(i.HAL_IncTick)
    HAL_Init                                 0x08002171   Thumb Code    32  stm32f1xx_hal.o(i.HAL_Init)
    HAL_InitTick                             0x08002195   Thumb Code    54  stm32f1xx_hal.o(i.HAL_InitTick)
    HAL_MspInit                              0x080021d5   Thumb Code    62  stm32f1xx_hal_msp.o(i.HAL_MspInit)
    HAL_NVIC_EnableIRQ                       0x0800221d   Thumb Code    26  stm32f1xx_hal_cortex.o(i.HAL_NVIC_EnableIRQ)
    HAL_NVIC_SetPriority                     0x08002239   Thumb Code    60  stm32f1xx_hal_cortex.o(i.HAL_NVIC_SetPriority)
    HAL_NVIC_SetPriorityGrouping             0x08002279   Thumb Code    26  stm32f1xx_hal_cortex.o(i.HAL_NVIC_SetPriorityGrouping)
    HAL_RCCEx_PeriphCLKConfig                0x0800229d   Thumb Code   224  stm32f1xx_hal_rcc_ex.o(i.HAL_RCCEx_PeriphCLKConfig)
    HAL_RCC_ClockConfig                      0x08002389   Thumb Code   280  stm32f1xx_hal_rcc.o(i.HAL_RCC_ClockConfig)
    HAL_RCC_GetPCLK1Freq                     0x080024b5   Thumb Code    20  stm32f1xx_hal_rcc.o(i.HAL_RCC_GetPCLK1Freq)
    HAL_RCC_GetPCLK2Freq                     0x080024d5   Thumb Code    20  stm32f1xx_hal_rcc.o(i.HAL_RCC_GetPCLK2Freq)
    HAL_RCC_GetSysClockFreq                  0x080024f5   Thumb Code    74  stm32f1xx_hal_rcc.o(i.HAL_RCC_GetSysClockFreq)
    HAL_RCC_OscConfig                        0x08002561   Thumb Code   778  stm32f1xx_hal_rcc.o(i.HAL_RCC_OscConfig)
    HAL_SPI_Init                             0x08002881   Thumb Code   178  stm32f1xx_hal_spi.o(i.HAL_SPI_Init)
    HAL_SPI_MspInit                          0x08002935   Thumb Code    80  stm32f1xx_hal_msp.o(i.HAL_SPI_MspInit)
    HAL_SPI_Transmit                         0x08002991   Thumb Code   358  stm32f1xx_hal_spi.o(i.HAL_SPI_Transmit)
    HAL_SYSTICK_Config                       0x08002af7   Thumb Code    40  stm32f1xx_hal_cortex.o(i.HAL_SYSTICK_Config)
    HAL_UART_ErrorCallback                   0x08002b1f   Thumb Code     2  stm32f1xx_hal_uart.o(i.HAL_UART_ErrorCallback)
    HAL_UART_IRQHandler                      0x08002b21   Thumb Code   344  stm32f1xx_hal_uart.o(i.HAL_UART_IRQHandler)
    HAL_UART_Init                            0x08002c7d   Thumb Code    98  stm32f1xx_hal_uart.o(i.HAL_UART_Init)
    HAL_UART_MspInit                         0x08002ce1   Thumb Code   294  stm32f1xx_hal_msp.o(i.HAL_UART_MspInit)
    HAL_UART_Receive_DMA                     0x08002e29   Thumb Code   138  stm32f1xx_hal_uart.o(i.HAL_UART_Receive_DMA)
    HAL_UART_RxCpltCallback                  0x08002ec1   Thumb Code     2  stm32f1xx_hal_uart.o(i.HAL_UART_RxCpltCallback)
    HAL_UART_RxHalfCpltCallback              0x08002ec3   Thumb Code     2  stm32f1xx_hal_uart.o(i.HAL_UART_RxHalfCpltCallback)
    HAL_UART_Transmit                        0x08002ec5   Thumb Code   178  stm32f1xx_hal_uart.o(i.HAL_UART_Transmit)
    HAL_UART_TxCpltCallback                  0x08002f77   Thumb Code     2  stm32f1xx_hal_uart.o(i.HAL_UART_TxCpltCallback)
    HardFault_Handler                        0x08002f79   Thumb Code     2  stm32f1xx_it.o(i.HardFault_Handler)
    LED_Blink                                0x080034d1   Thumb Code    50  led.o(i.LED_Blink)
    LED_Set                                  0x08003509   Thumb Code    34  led.o(i.LED_Set)
    LTE_AlysCcid                             0x08003531   Thumb Code    10  mod_api_ec600.o(i.LTE_AlysCcid)
    LTE_AlysCreg                             0x08003541   Thumb Code   158  mod_api_ec600.o(i.LTE_AlysCreg)
    LTE_AlysCsq                              0x080035e9   Thumb Code    14  mod_api_ec600.o(i.LTE_AlysCsq)
    LTE_AlysImei                             0x080035fd   Thumb Code    10  mod_api_ec600.o(i.LTE_AlysImei)
    LTE_ModInit                              0x0800360d   Thumb Code    20  mod_api_ec600.o(i.LTE_ModInit)
    LTE_PwrEN                                0x08003621   Thumb Code    10  mod_api_ec600.o(i.LTE_PwrEN)
    LTE_PwrPls                               0x08003631   Thumb Code    40  mod_api_ec600.o(i.LTE_PwrPls)
    LTE_ReadRssi                             0x0800365d   Thumb Code     6  mod_api_ec600.o(i.LTE_ReadRssi)
    LTE_StsIndn                              0x08003669   Thumb Code    76  mod_api_ec600.o(i.LTE_StsIndn)
    MOD_SendReq                              0x08003da5   Thumb Code    24  netdriver_ec600.o(i.MOD_SendReq)
    MPU6050_Exist                            0x08003df5   Thumb Code    56  mpu6050.o(i.MPU6050_Exist)
    MPU6050_Init                             0x08003e35   Thumb Code   106  mpu6050.o(i.MPU6050_Init)
    MPU6050_ReadAccel                        0x08003ea5   Thumb Code    50  mpu6050.o(i.MPU6050_ReadAccel)
    MPU6050_ReadBytes                        0x08003edd   Thumb Code    30  mpu6050.o(i.MPU6050_ReadBytes)
    MPU6050_ReadGyro                         0x08003f01   Thumb Code    50  mpu6050.o(i.MPU6050_ReadGyro)
    MPU6050_Read_Accel_Gyro                  0x08003f39   Thumb Code   128  mpu6050.o(i.MPU6050_Read_Accel_Gyro)
    MPU6050_SetAccelFSR                      0x08003fc1   Thumb Code    68  mpu6050.o(i.MPU6050_SetAccelFSR)
    MPU6050_SetGyroFSR                       0x08004009   Thumb Code    60  mpu6050.o(i.MPU6050_SetGyroFSR)
    MQTTDeserialize_ack                      0x08004081   Thumb Code    72  mqttdeserializepublish.o(i.MQTTDeserialize_ack)
    MQTTDeserialize_connack                  0x080040c9   Thumb Code    92  mqttconnectclient.o(i.MQTTDeserialize_connack)
    MQTTDeserialize_publish                  0x08004125   Thumb Code   140  mqttdeserializepublish.o(i.MQTTDeserialize_publish)
    MQTTDeserialize_suback                   0x080041b1   Thumb Code   124  mqttsubscribeclient.o(i.MQTTDeserialize_suback)
    MQTTPacket_decode                        0x0800422d   Thumb Code    54  mqttpacket.o(i.MQTTPacket_decode)
    MQTTPacket_decodeBuf                     0x08004265   Thumb Code    10  mqttpacket.o(i.MQTTPacket_decodeBuf)
    MQTTPacket_encode                        0x08004279   Thumb Code    42  mqttpacket.o(i.MQTTPacket_encode)
    MQTTPacket_len                           0x080042a5   Thumb Code    34  mqttpacket.o(i.MQTTPacket_len)
    MQTTSerialize_ack                        0x080042cd   Thumb Code    72  mqttserializepublish.o(i.MQTTSerialize_ack)
    MQTTSerialize_connect                    0x08004315   Thumb Code   262  mqttconnectclient.o(i.MQTTSerialize_connect)
    MQTTSerialize_connectLength              0x0800442d   Thumb Code   118  mqttconnectclient.o(i.MQTTSerialize_connectLength)
    MQTTSerialize_pingreq                    0x080044a3   Thumb Code     6  mqttconnectclient.o(i.MQTTSerialize_pingreq)
    MQTTSerialize_puback                     0x080044a9   Thumb Code    14  mqttserializepublish.o(i.MQTTSerialize_puback)
    MQTTSerialize_publish                    0x080044b7   Thumb Code   134  mqttserializepublish.o(i.MQTTSerialize_publish)
    MQTTSerialize_publishLength              0x0800453d   Thumb Code    30  mqttserializepublish.o(i.MQTTSerialize_publishLength)
    MQTTSerialize_zero                       0x0800455b   Thumb Code    50  mqttconnectclient.o(i.MQTTSerialize_zero)
    MQTTstrlen                               0x0800458d   Thumb Code    14  mqttpacket.o(i.MQTTstrlen)
    MemManage_Handler                        0x08004719   Thumb Code     2  stm32f1xx_it.o(i.MemManage_Handler)
    Mod_UartSendBuf                          0x080047b1   Thumb Code    14  mod_api_ec600.o(i.Mod_UartSendBuf)
    NET_Status                               0x08004da9   Thumb Code    16  netdriver_ec600.o(i.NET_Status)
    NMI_Handler                              0x08004dbd   Thumb Code     2  stm32f1xx_it.o(i.NMI_Handler)
    OLED_Address                             0x08004dbf   Thumb Code    34  oled.o(i.OLED_Address)
    OLED_DisStringFmt                        0x08004de1   Thumb Code   254  oled.o(i.OLED_DisStringFmt)
    OLED_Init                                0x08004ee5   Thumb Code   234  oled.o(i.OLED_Init)
    OLED_Reset                               0x08004fdd   Thumb Code    40  oled.o(i.OLED_Reset)
    OLED_WriteCom                            0x08005009   Thumb Code    28  oled.o(i.OLED_WriteCom)
    OLED_WriteData                           0x0800502d   Thumb Code    28  oled.o(i.OLED_WriteData)
    SERVER_Info                              0x08005051   Thumb Code     4  socket_buf.o(i.SERVER_Info)
    SHT20_GetValue                           0x08005059   Thumb Code   112  sht20.o(i.SHT20_GetValue)
    SHT20_read_user_reg                      0x080050d1   Thumb Code    38  sht20.o(i.SHT20_read_user_reg)
    SHT20_reset                              0x080050fd   Thumb Code    26  sht20.o(i.SHT20_reset)
    SHT2x_CalcRH                             0x0800511d   Thumb Code    34  sht20.o(i.SHT2x_CalcRH)
    SHT2x_CalcTemperatureC                   0x0800514d   Thumb Code    34  sht20.o(i.SHT2x_CalcTemperatureC)
    SHT2x_CheckCrc                           0x08005181   Thumb Code    60  sht20.o(i.SHT2x_CheckCrc)
    SHT2x_MeasureHM                          0x080051bd   Thumb Code   102  sht20.o(i.SHT2x_MeasureHM)
    SOCKET_SendBuf                           0x08005229   Thumb Code     4  socket_buf.o(i.SOCKET_SendBuf)
    SOCKET_SendLen                           0x08005231   Thumb Code     4  socket_buf.o(i.SOCKET_SendLen)
    SVR_Connect                              0x08005311   Thumb Code    26  netdriver_ec600.o(i.SVR_Connect)
    SVR_Status                               0x08005335   Thumb Code    16  netdriver_ec600.o(i.SVR_Status)
    Socket_SendData                          0x08005349   Thumb Code    26  socket_buf.o(i.Socket_SendData)
    Socket_Start                             0x0800536d   Thumb Code   110  socket_buf.o(i.Socket_Start)
    SysTick_Handler                          0x080053e5   Thumb Code    24  stm32f1xx_it.o(i.SysTick_Handler)
    SystemClock_Config                       0x080053fd   Thumb Code   120  main.o(i.SystemClock_Config)
    SystemInit                               0x08005475   Thumb Code     2  system_stm32f1xx.o(i.SystemInit)
    TASK_App                                 0x08005479   Thumb Code   254  app_cat1_ali.o(i.TASK_App)
    TASK_Led                                 0x0800566d   Thumb Code   160  led.o(i.TASK_Led)
    TASK_Net                                 0x08005711   Thumb Code   118  netdriver_ec600.o(i.TASK_Net)
    Task01_Led                               0x0800578d   Thumb Code     4  main.o(i.Task01_Led)
    Task03_Net                               0x08005791   Thumb Code     4  main.o(i.Task03_Net)
    Task04_App                               0x08005795   Thumb Code     4  main.o(i.Task04_App)
    USART1_IRQHandler                        0x08005a11   Thumb Code     2  uart1_print.o(i.USART1_IRQHandler)
    USART1_Printf                            0x08005a15   Thumb Code    58  uart1_print.o(i.USART1_Printf)
    USART1_PrintfBuf                         0x08005a59   Thumb Code     4  uart1_print.o(i.USART1_PrintfBuf)
    USART3_IRQHandler                        0x08005a5d   Thumb Code    16  stm32f1xx_it.o(i.USART3_IRQHandler)
    USART3_IRQHandlerData                    0x08005a71   Thumb Code    46  uart3_mod.o(i.USART3_IRQHandlerData)
    USART3_Init                              0x08005aad   Thumb Code    38  uart3_mod.o(i.USART3_Init)
    USART3_Poll                              0x08005add   Thumb Code    20  uart3_mod.o(i.USART3_Poll)
    USART3_RcvBufPtr                         0x08005af5   Thumb Code     4  uart3_mod.o(i.USART3_RcvBufPtr)
    USART3_RdByte                            0x08005afd   Thumb Code    36  uart3_mod.o(i.USART3_RdByte)
    USART3_RdIdxAdd                          0x08005b29   Thumb Code    14  uart3_mod.o(i.USART3_RdIdxAdd)
    USART3_RdIdxRd                           0x08005b3d   Thumb Code     6  uart3_mod.o(i.USART3_RdIdxRd)
    USART3_RdIdxSet                          0x08005b49   Thumb Code    10  uart3_mod.o(i.USART3_RdIdxSet)
    USART3_StsRd                             0x08005b59   Thumb Code     6  uart3_mod.o(i.USART3_StsRd)
    USART3_StsSet                            0x08005b65   Thumb Code     6  uart3_mod.o(i.USART3_StsSet)
    USART3_UnreadLen                         0x08005b71   Thumb Code    14  uart3_mod.o(i.USART3_UnreadLen)
    USART3_WrIdxRd                           0x08005b85   Thumb Code     6  uart3_mod.o(i.USART3_WrIdxRd)
    UsageFault_Handler                       0x08005c85   Thumb Code     2  stm32f1xx_it.o(i.UsageFault_Handler)
    __0snprintf                              0x08005c89   Thumb Code    44  printfa.o(i.__0snprintf)
    __1snprintf                              0x08005c89   Thumb Code     0  printfa.o(i.__0snprintf)
    __2snprintf                              0x08005c89   Thumb Code     0  printfa.o(i.__0snprintf)
    __c89snprintf                            0x08005c89   Thumb Code     0  printfa.o(i.__0snprintf)
    snprintf                                 0x08005c89   Thumb Code     0  printfa.o(i.__0snprintf)
    __0sprintf                               0x08005cb9   Thumb Code    34  printfa.o(i.__0sprintf)
    __1sprintf                               0x08005cb9   Thumb Code     0  printfa.o(i.__0sprintf)
    __2sprintf                               0x08005cb9   Thumb Code     0  printfa.o(i.__0sprintf)
    __c89sprintf                             0x08005cb9   Thumb Code     0  printfa.o(i.__0sprintf)
    sprintf                                  0x08005cb9   Thumb Code     0  printfa.o(i.__0sprintf)
    __0vsnprintf                             0x08005ce1   Thumb Code    40  printfa.o(i.__0vsnprintf)
    __1vsnprintf                             0x08005ce1   Thumb Code     0  printfa.o(i.__0vsnprintf)
    __2vsnprintf                             0x08005ce1   Thumb Code     0  printfa.o(i.__0vsnprintf)
    __c89vsnprintf                           0x08005ce1   Thumb Code     0  printfa.o(i.__0vsnprintf)
    vsnprintf                                0x08005ce1   Thumb Code     0  printfa.o(i.__0vsnprintf)
    __ARM_fpclassify                         0x08005d0d   Thumb Code    40  fpclassify.o(i.__ARM_fpclassify)
    __aeabi_errno_addr                       0x08005d55   Thumb Code     4  errno.o(i.__aeabi_errno_addr)
    __rt_errno_addr                          0x08005d55   Thumb Code     0  errno.o(i.__aeabi_errno_addr)
    __kernel_poly                            0x08005d5d   Thumb Code   170  poly.o(i.__kernel_poly)
    __mathlib_dbl_divzero                    0x08005e09   Thumb Code    12  dunder.o(i.__mathlib_dbl_divzero)
    __mathlib_dbl_infnan2                    0x08005e19   Thumb Code     4  dunder.o(i.__mathlib_dbl_infnan2)
    __mathlib_dbl_invalid                    0x08005e1d   Thumb Code    12  dunder.o(i.__mathlib_dbl_invalid)
    __mathlib_dbl_overflow                   0x08005e29   Thumb Code    14  dunder.o(i.__mathlib_dbl_overflow)
    __mathlib_dbl_underflow                  0x08005e39   Thumb Code    10  dunder.o(i.__mathlib_dbl_underflow)
    __scatterload_copy                       0x08005e49   Thumb Code    14  handlers.o(i.__scatterload_copy)
    __scatterload_null                       0x08005e57   Thumb Code     2  handlers.o(i.__scatterload_null)
    __scatterload_zeroinit                   0x08005e59   Thumb Code    14  handlers.o(i.__scatterload_zeroinit)
    __set_errno                              0x08005e69   Thumb Code     6  errno.o(i.__set_errno)
    app_KeyHandle                            0x08006749   Thumb Code    70  key.o(i.app_KeyHandle)
    bufchar                                  0x08006795   Thumb Code    30  mqttpacket.o(i.bufchar)
    cJSON_AddItemToArray                     0x080067b9   Thumb Code    28  cjson.o(i.cJSON_AddItemToArray)
    cJSON_AddItemToObject                    0x080067d5   Thumb Code    42  cjson.o(i.cJSON_AddItemToObject)
    cJSON_CreateNumber                       0x08006805   Thumb Code    36  cjson.o(i.cJSON_CreateNumber)
    cJSON_CreateObject                       0x08006829   Thumb Code    16  cjson.o(i.cJSON_CreateObject)
    cJSON_CreateString                       0x08006839   Thumb Code    28  cjson.o(i.cJSON_CreateString)
    cJSON_Delete                             0x08006855   Thumb Code    66  cjson.o(i.cJSON_Delete)
    cJSON_GetObjectItem                      0x0800689d   Thumb Code    32  cjson.o(i.cJSON_GetObjectItem)
    cJSON_Parse                              0x080068d9   Thumb Code     8  cjson.o(i.cJSON_Parse)
    cJSON_ParseWithOpts                      0x080068e1   Thumb Code    92  cjson.o(i.cJSON_ParseWithOpts)
    cJSON_Print                              0x08006941   Thumb Code    10  cjson.o(i.cJSON_Print)
    eTaskGetState                            0x080069b9   Thumb Code    94  tasks.o(i.eTaskGetState)
    floor                                    0x08006a91   Thumb Code   204  floor.o(i.floor)
    free                                     0x08006b6d   Thumb Code    76  malloc.o(i.free)
    key_poll                                 0x08006bbd   Thumb Code   134  key.o(i.key_poll)
    main                                     0x08006c51   Thumb Code   260  main.o(i.main)
    malloc                                   0x08006d99   Thumb Code    92  malloc.o(i.malloc)
    osDelay                                  0x08006e05   Thumb Code    46  cmsis_os2.o(i.osDelay)
    osKernelInitialize                       0x08006e39   Thumb Code    50  cmsis_os2.o(i.osKernelInitialize)
    osKernelStart                            0x08006e71   Thumb Code    58  cmsis_os2.o(i.osKernelStart)
    osThreadNew                              0x08006eb1   Thumb Code   160  cmsis_os2.o(i.osThreadNew)
    pow                                      0x080074e9   Thumb Code  2512  pow.o(i.pow)
    pvPortMalloc                             0x08008e5f   Thumb Code    24  heap_3.o(i.pvPortMalloc)
    pxPortInitialiseStack                    0x08008e79   Thumb Code    32  port.o(i.pxPortInitialiseStack)
    readChar                                 0x08008e9d   Thumb Code    12  mqttpacket.o(i.readChar)
    readInt                                  0x08008ea9   Thumb Code    18  mqttpacket.o(i.readInt)
    readMQTTLenString                        0x08008ebb   Thumb Code    52  mqttpacket.o(i.readMQTTLenString)
    sqrt                                     0x08008f03   Thumb Code    76  sqrt.o(i.sqrt)
    uart_indication                          0x08008f51   Thumb Code    38  netdriver_ec600.o(i.uart_indication)
    utils_hb2hex                             0x08008fb5   Thumb Code    18  utils_md5.o(i.utils_hb2hex)
    utils_hmac_sha1                          0x08008fc7   Thumb Code   214  utils_hmac.o(i.utils_hmac_sha1)
    utils_sha1_finish                        0x0800909d   Thumb Code   212  utils_sha1.o(i.utils_sha1_finish)
    utils_sha1_init                          0x08009175   Thumb Code     6  utils_sha1.o(i.utils_sha1_init)
    utils_sha1_process                       0x0800917d   Thumb Code  4670  utils_sha1.o(i.utils_sha1_process)
    utils_sha1_starts                        0x0800a3bd   Thumb Code    32  utils_sha1.o(i.utils_sha1_starts)
    utils_sha1_update                        0x0800a3e9   Thumb Code   112  utils_sha1.o(i.utils_sha1_update)
    uxListRemove                             0x0800a459   Thumb Code    38  list.o(i.uxListRemove)
    vApplicationGetIdleTaskMemory            0x0800a481   Thumb Code    16  cmsis_os2.o(i.vApplicationGetIdleTaskMemory)
    vApplicationGetTimerTaskMemory           0x0800a495   Thumb Code    18  cmsis_os2.o(i.vApplicationGetTimerTaskMemory)
    vApplicationIdleHook                     0x0800a4ad   Thumb Code     4  freertos.o(i.vApplicationIdleHook)
    vListInitialise                          0x0800a4b1   Thumb Code    22  list.o(i.vListInitialise)
    vListInitialiseItem                      0x0800a4c7   Thumb Code     6  list.o(i.vListInitialiseItem)
    vListInsert                              0x0800a4cd   Thumb Code    48  list.o(i.vListInsert)
    vListInsertEnd                           0x0800a4fd   Thumb Code    24  list.o(i.vListInsertEnd)
    vPortEnterCritical                       0x0800a515   Thumb Code    54  port.o(i.vPortEnterCritical)
    vPortExitCritical                        0x0800a555   Thumb Code    34  port.o(i.vPortExitCritical)
    vPortFree                                0x0800a57d   Thumb Code    26  heap_3.o(i.vPortFree)
    vPortSetupTimerInterrupt                 0x0800a599   Thumb Code    32  port.o(i.vPortSetupTimerInterrupt)
    vPortValidateInterruptPriority           0x0800a5bd   Thumb Code    74  port.o(i.vPortValidateInterruptPriority)
    vQueueAddToRegistry                      0x0800a611   Thumb Code    34  queue.o(i.vQueueAddToRegistry)
    vQueueWaitForMessageRestricted           0x0800a639   Thumb Code    68  queue.o(i.vQueueWaitForMessageRestricted)
    vTaskDelay                               0x0800a67d   Thumb Code    66  tasks.o(i.vTaskDelay)
    vTaskDelayUntil                          0x0800a6c9   Thumb Code   132  tasks.o(i.vTaskDelayUntil)
    vTaskInternalSetTimeOutState             0x0800a755   Thumb Code    12  tasks.o(i.vTaskInternalSetTimeOutState)
    vTaskMissedYield                         0x0800a765   Thumb Code     8  tasks.o(i.vTaskMissedYield)
    vTaskPlaceOnEventList                    0x0800a771   Thumb Code    44  tasks.o(i.vTaskPlaceOnEventList)
    vTaskPlaceOnEventListRestricted          0x0800a7a1   Thumb Code    52  tasks.o(i.vTaskPlaceOnEventListRestricted)
    vTaskStartScheduler                      0x0800a7d9   Thumb Code   118  tasks.o(i.vTaskStartScheduler)
    vTaskSuspendAll                          0x0800a861   Thumb Code    10  tasks.o(i.vTaskSuspendAll)
    vTaskSwitchContext                       0x0800a871   Thumb Code    90  tasks.o(i.vTaskSwitchContext)
    writeCString                             0x0800a8d5   Thumb Code    40  mqttpacket.o(i.writeCString)
    writeChar                                0x0800a8fd   Thumb Code    12  mqttpacket.o(i.writeChar)
    writeInt                                 0x0800a909   Thumb Code    30  mqttpacket.o(i.writeInt)
    writeMQTTString                          0x0800a927   Thumb Code    54  mqttpacket.o(i.writeMQTTString)
    xPortStartScheduler                      0x0800a95d   Thumb Code   154  port.o(i.xPortStartScheduler)
    xPortSysTickHandler                      0x0800aa05   Thumb Code    38  port.o(i.xPortSysTickHandler)
    xQueueGenericCreateStatic                0x0800aa31   Thumb Code   102  queue.o(i.xQueueGenericCreateStatic)
    xQueueGenericReset                       0x0800aa99   Thumb Code   132  queue.o(i.xQueueGenericReset)
    xQueueGenericSend                        0x0800ab21   Thumb Code   346  queue.o(i.xQueueGenericSend)
    xQueueGenericSendFromISR                 0x0800ac81   Thumb Code   188  queue.o(i.xQueueGenericSendFromISR)
    xQueueReceive                            0x0800ad3d   Thumb Code   308  queue.o(i.xQueueReceive)
    xTaskAbortDelay                          0x0800ae75   Thumb Code   126  tasks.o(i.xTaskAbortDelay)
    xTaskCheckForTimeOut                     0x0800aefd   Thumb Code   132  tasks.o(i.xTaskCheckForTimeOut)
    xTaskCreate                              0x0800af85   Thumb Code    90  tasks.o(i.xTaskCreate)
    xTaskCreateStatic                        0x0800afdf   Thumb Code    86  tasks.o(i.xTaskCreateStatic)
    xTaskGetSchedulerState                   0x0800b035   Thumb Code    22  tasks.o(i.xTaskGetSchedulerState)
    xTaskGetTickCount                        0x0800b051   Thumb Code     6  tasks.o(i.xTaskGetTickCount)
    xTaskIncrementTick                       0x0800b05d   Thumb Code   190  tasks.o(i.xTaskIncrementTick)
    xTaskPriorityDisinherit                  0x0800b125   Thumb Code   118  tasks.o(i.xTaskPriorityDisinherit)
    xTaskRemoveFromEventList                 0x0800b1a5   Thumb Code    98  tasks.o(i.xTaskRemoveFromEventList)
    xTaskResumeAll                           0x0800b215   Thumb Code   182  tasks.o(i.xTaskResumeAll)
    xTimerCreateTimerTask                    0x0800b2d9   Thumb Code    78  timers.o(i.xTimerCreateTimerTask)
    xTimerGenericCommand                     0x0800b339   Thumb Code    98  timers.o(i.xTimerGenericCommand)
    F8X16                                    0x0800b444   Data        1520  font.o(.constdata)
    max_chrg_cnt                             0x0800ba34   Data           5  netdriver_ec600.o(.constdata)
    Sim_str                                  0x0800ba3c   Data         184  netdriver_ec600.o(.constdata)
    Chrg_0_swh_num_arr                       0x0800baf4   Data           2  netdriver_ec600.o(.constdata)
    Chrg_1_swh_num_arr                       0x0800baf6   Data           4  netdriver_ec600.o(.constdata)
    Chrg_2_swh_num_arr                       0x0800bafa   Data           1  netdriver_ec600.o(.constdata)
    Chrg_3_swh_num_arr                       0x0800bafb   Data          10  netdriver_ec600.o(.constdata)
    Chrg_4_swh_num_arr                       0x0800bb05   Data          12  netdriver_ec600.o(.constdata)
    myTask_led_attributes                    0x0800bb18   Data          36  main.o(.constdata)
    myTask_net_attributes                    0x0800bb3c   Data          36  main.o(.constdata)
    myTask_app_attributes                    0x0800bb60   Data          36  main.o(.constdata)
    AHBPrescTable                            0x0800bb84   Data          16  system_stm32f1xx.o(.constdata)
    APBPrescTable                            0x0800bb94   Data           8  system_stm32f1xx.o(.constdata)
    __ctype_table                            0x0800bc28   Data         129  ctype_o.o(.constdata)
    __mathlib_zero                           0x0800bcb0   Data           8  qnan.o(.constdata)
    Region$$Table$$Base                      0x0800bdfc   Number         0  anon$$obj.o(Region$$Table)
    Region$$Table$$Limit                     0x0800be1c   Number         0  anon$$obj.o(Region$$Table)
    oled_info                                0x20000029   Data           1  oled.o(.data)
    sht20_info                               0x2000002c   Data           8  sht20.o(.data)
    STM32_FLASH_SIZE                         0x2000003e   Data           2  chip.o(.data)
    usart3_idle_cnt                          0x20000040   Data           1  uart3_mod.o(.data)
    uart_rcvflag                             0x20000041   Data           1  uart3_mod.o(.data)
    Chrg_swh_ptr                             0x200000ac   Data          20  netdriver_ec600.o(.data)
    Lte_run                                  0x200000c0   Data          20  netdriver_ec600.o(.data)
    server_info                              0x200000f4   Data           8  socket_buf.o(.data)
    myTask_ledHandle                         0x2000010c   Data           4  main.o(.data)
    myTask_netHandle                         0x20000110   Data           4  main.o(.data)
    myTask_appHandle                         0x20000114   Data           4  main.o(.data)
    uwTickFreq                               0x20000118   Data           1  stm32f1xx_hal.o(.data)
    uwTickPrio                               0x2000011c   Data           4  stm32f1xx_hal.o(.data)
    uwTick                                   0x20000120   Data           4  stm32f1xx_hal.o(.data)
    SystemCoreClock                          0x20000124   Data           4  system_stm32f1xx.o(.data)
    pxCurrentTCB                             0x20000128   Data           4  tasks.o(.data)
    __microlib_freelist                      0x20000188   Data           4  mvars.o(.data)
    __microlib_freelist_initialised          0x2000018c   Data           4  mvars.o(.data)
    mpu6050_info                             0x200009d4   Data          44  mpu6050.o(.bss)
    Rst_flag_str                             0x20000a20   Data          16  chip.o(.bss)
    hadc1                                    0x20001c50   Data          48  main.o(.bss)
    hi2c1                                    0x20001c80   Data          84  main.o(.bss)
    hspi1                                    0x20001cd4   Data          88  main.o(.bss)
    huart1                                   0x20001d2c   Data          64  main.o(.bss)
    huart2                                   0x20001d6c   Data          64  main.o(.bss)
    huart3                                   0x20001dac   Data          64  main.o(.bss)
    hdma_usart3_rx                           0x20001dec   Data          68  main.o(.bss)
    myTask_ledBuffer                         0x20001e30   Data         512  main.o(.bss)
    myTask_ledControlBlock                   0x20002030   Data          92  main.o(.bss)
    myTask_netBuffer                         0x2000208c   Data        4096  main.o(.bss)
    myTask_netControlBlock                   0x2000308c   Data          92  main.o(.bss)
    myTask_appBuffer                         0x200030e8   Data        4096  main.o(.bss)
    myTask_appControlBlock                   0x200040e8   Data          92  main.o(.bss)
    xQueueRegistry                           0x20004144   Data          64  queue.o(.bss)
    __heap_base                              0x20004e18   Data           0  startup_stm32f103xe.o(HEAP)
    __heap_limit                             0x20008e18   Data           0  startup_stm32f103xe.o(HEAP)
    __initial_sp                             0x20009218   Data           0  startup_stm32f103xe.o(STACK)



==============================================================================

Memory Map of the image

  Image Entry point : 0x08000131

  Load Region LR_IROM1 (Base: 0x08000000, Size: 0x0000bfb0, Max: 0x00080000, ABSOLUTE, COMPRESSED[0x0000bea0])

    Execution Region ER_IROM1 (Exec base: 0x08000000, Load base: 0x08000000, Size: 0x0000be1c, Max: 0x00080000, ABSOLUTE)

    Exec Addr    Load Addr    Size         Type   Attr      Idx    E Section Name        Object

    0x08000000   0x08000000   0x00000130   Data   RO         1967    RESET               startup_stm32f103xe.o
    0x08000130   0x08000130   0x00000000   Code   RO         6245  * .ARM.Collect$$$$00000000  mc_w.l(entry.o)
    0x08000130   0x08000130   0x00000004   Code   RO         6648    .ARM.Collect$$$$00000001  mc_w.l(entry2.o)
    0x08000134   0x08000134   0x00000004   Code   RO         6651    .ARM.Collect$$$$00000004  mc_w.l(entry5.o)
    0x08000138   0x08000138   0x00000000   Code   RO         6653    .ARM.Collect$$$$00000008  mc_w.l(entry7b.o)
    0x08000138   0x08000138   0x00000000   Code   RO         6655    .ARM.Collect$$$$0000000A  mc_w.l(entry8b.o)
    0x08000138   0x08000138   0x00000008   Code   RO         6656    .ARM.Collect$$$$0000000B  mc_w.l(entry9a.o)
    0x08000140   0x08000140   0x00000000   Code   RO         6658    .ARM.Collect$$$$0000000D  mc_w.l(entry10a.o)
    0x08000140   0x08000140   0x00000000   Code   RO         6660    .ARM.Collect$$$$0000000F  mc_w.l(entry11a.o)
    0x08000140   0x08000140   0x00000004   Code   RO         6649    .ARM.Collect$$$$00002712  mc_w.l(entry2.o)
    0x08000144   0x08000144   0x00000096   Code   RO         6154    .emb_text           port.o
    0x080001da   0x080001da   0x00000002   PAD
    0x080001dc   0x080001dc   0x00000024   Code   RO         1968    .text               startup_stm32f103xe.o
    0x08000200   0x08000200   0x00000020   Code   RO         6248    .text               mc_w.l(llushr.o)
    0x08000220   0x08000220   0x00000008   Code   RO         6250    .text               mc_w.l(ctype_o.o)
    0x08000228   0x08000228   0x0000000c   Code   RO         6278    .text               mc_w.l(tolower.o)
    0x08000234   0x08000234   0x00000024   Code   RO         6280    .text               mc_w.l(memcpya.o)
    0x08000258   0x08000258   0x00000024   Code   RO         6284    .text               mc_w.l(memseta.o)
    0x0800027c   0x0800027c   0x00000018   Code   RO         6286    .text               mc_w.l(strcat.o)
    0x08000294   0x08000294   0x00000024   Code   RO         6288    .text               mc_w.l(strstr.o)
    0x080002b8   0x080002b8   0x00000018   Code   RO         6290    .text               mc_w.l(strncpy.o)
    0x080002d0   0x080002d0   0x00000014   Code   RO         6292    .text               mc_w.l(strchr.o)
    0x080002e4   0x080002e4   0x0000000e   Code   RO         6294    .text               mc_w.l(strlen.o)
    0x080002f2   0x080002f2   0x00000012   Code   RO         6296    .text               mc_w.l(strcpy.o)
    0x08000304   0x08000304   0x0000001e   Code   RO         6298    .text               mc_w.l(strncmp.o)
    0x08000322   0x08000322   0x0000001a   Code   RO         6591    .text               mc_w.l(atoi.o)
    0x0800033c   0x0800033c   0x0000007c   Code   RO         6593    .text               mf_w.l(fdiv.o)
    0x080003b8   0x080003b8   0x0000014e   Code   RO         6595    .text               mf_w.l(dadd.o)
    0x08000506   0x08000506   0x000000e4   Code   RO         6597    .text               mf_w.l(dmul.o)
    0x080005ea   0x080005ea   0x000000de   Code   RO         6599    .text               mf_w.l(ddiv.o)
    0x080006c8   0x080006c8   0x00000012   Code   RO         6601    .text               mf_w.l(fflti.o)
    0x080006da   0x080006da   0x0000000a   Code   RO         6603    .text               mf_w.l(ffltui.o)
    0x080006e4   0x080006e4   0x00000022   Code   RO         6605    .text               mf_w.l(dflti.o)
    0x08000706   0x08000706   0x0000001a   Code   RO         6607    .text               mf_w.l(dfltui.o)
    0x08000720   0x08000720   0x00000028   Code   RO         6609    .text               mf_w.l(ffixui.o)
    0x08000748   0x08000748   0x0000003e   Code   RO         6611    .text               mf_w.l(dfixi.o)
    0x08000786   0x08000786   0x00000026   Code   RO         6613    .text               mf_w.l(f2d.o)
    0x080007ac   0x080007ac   0x00000030   Code   RO         6615    .text               mf_w.l(cdcmple.o)
    0x080007dc   0x080007dc   0x00000030   Code   RO         6617    .text               mf_w.l(cdrcmple.o)
    0x0800080c   0x0800080c   0x00000038   Code   RO         6619    .text               mf_w.l(d2f.o)
    0x08000844   0x08000844   0x0000002c   Code   RO         6665    .text               mc_w.l(uidiv.o)
    0x08000870   0x08000870   0x00000062   Code   RO         6667    .text               mc_w.l(uldiv.o)
    0x080008d2   0x080008d2   0x0000001e   Code   RO         6669    .text               mc_w.l(llshl.o)
    0x080008f0   0x080008f0   0x00000024   Code   RO         6671    .text               mc_w.l(llsshr.o)
    0x08000914   0x08000914   0x00000070   Code   RO         6682    .text               mc_w.l(strtol.o)
    0x08000984   0x08000984   0x00000000   Code   RO         6684    .text               mc_w.l(iusefp.o)
    0x08000984   0x08000984   0x0000006e   Code   RO         6685    .text               mf_w.l(fepilogue.o)
    0x080009f2   0x080009f2   0x000000ba   Code   RO         6687    .text               mf_w.l(depilogue.o)
    0x08000aac   0x08000aac   0x0000002e   Code   RO         6689    .text               mf_w.l(dscalb.o)
    0x08000ada   0x08000ada   0x00000030   Code   RO         6691    .text               mf_w.l(dfixul.o)
    0x08000b0a   0x08000b0a   0x00000002   PAD
    0x08000b0c   0x08000b0c   0x00000024   Code   RO         6693    .text               mc_w.l(init.o)
    0x08000b30   0x08000b30   0x0000009e   Code   RO         6696    .text               mc_w.l(_strtoul.o)
    0x08000bce   0x08000bce   0x000000a2   Code   RO         6699    .text               mf_w.l(dsqrt.o)
    0x08000c70   0x08000c70   0x0000001c   Code   RO         6701    .text               mc_w.l(_chval.o)
    0x08000c8c   0x08000c8c   0x00000056   Code   RO         6711    .text               mc_w.l(__dczerorl2.o)
    0x08000ce2   0x08000ce2   0x00000002   PAD
    0x08000ce4   0x08000ce4   0x0000004c   Code   RO         2266    i.ADC_ConversionStop_Disable  stm32f1xx_hal_adc.o
    0x08000d30   0x08000d30   0x00000070   Code   RO         2270    i.ADC_Enable        stm32f1xx_hal_adc.o
    0x08000da0   0x08000da0   0x00000020   Code   RO            4    i.App_RcvData       app_cat1_ali.o
    0x08000dc0   0x08000dc0   0x00000002   Code   RO         2081    i.BusFault_Handler  stm32f1xx_it.o
    0x08000dc2   0x08000dc2   0x00000002   PAD
    0x08000dc4   0x08000dc4   0x00000048   Code   RO          834    i.CHIP_GetId        chip.o
    0x08000e0c   0x08000e0c   0x00000068   Code   RO          835    i.CHIP_RstFlagInit  chip.o
    0x08000e74   0x08000e74   0x0000000c   Code   RO         2082    i.DMA1_Channel3_IRQHandler  stm32f1xx_it.o
    0x08000e80   0x08000e80   0x0000002a   Code   RO         2920    i.DMA_SetConfig     stm32f1xx_hal_dma.o
    0x08000eaa   0x08000eaa   0x00000002   Code   RO         2083    i.DebugMon_Handler  stm32f1xx_it.o
    0x08000eac   0x08000eac   0x00000004   Code   RO         1975    i.Error_Handler     main.o
    0x08000eb0   0x08000eb0   0x000000fc   Code   RO         2272    i.HAL_ADC_ConfigChannel  stm32f1xx_hal_adc.o
    0x08000fac   0x08000fac   0x00000006   Code   RO         2279    i.HAL_ADC_GetValue  stm32f1xx_hal_adc.o
    0x08000fb2   0x08000fb2   0x00000002   PAD
    0x08000fb4   0x08000fb4   0x00000120   Code   RO         2281    i.HAL_ADC_Init      stm32f1xx_hal_adc.o
    0x080010d4   0x080010d4   0x00000058   Code   RO         2158    i.HAL_ADC_MspInit   stm32f1xx_hal_msp.o
    0x0800112c   0x0800112c   0x000000c0   Code   RO         2287    i.HAL_ADC_Start     stm32f1xx_hal_adc.o
    0x080011ec   0x080011ec   0x00000130   Code   RO         2922    i.HAL_DMA_Abort_IT  stm32f1xx_hal_dma.o
    0x0800131c   0x0800131c   0x00000248   Code   RO         2926    i.HAL_DMA_IRQHandler  stm32f1xx_hal_dma.o
    0x08001564   0x08001564   0x0000007c   Code   RO         2927    i.HAL_DMA_Init      stm32f1xx_hal_dma.o
    0x080015e0   0x080015e0   0x00000070   Code   RO         2931    i.HAL_DMA_Start_IT  stm32f1xx_hal_dma.o
    0x08001650   0x08001650   0x00000024   Code   RO         2549    i.HAL_Delay         stm32f1xx_hal.o
    0x08001674   0x08001674   0x000001f8   Code   RO         2857    i.HAL_GPIO_Init     stm32f1xx_hal_gpio.o
    0x0800186c   0x0800186c   0x0000000a   Code   RO         2859    i.HAL_GPIO_ReadPin  stm32f1xx_hal_gpio.o
    0x08001876   0x08001876   0x0000000a   Code   RO         2861    i.HAL_GPIO_WritePin  stm32f1xx_hal_gpio.o
    0x08001880   0x08001880   0x0000000c   Code   RO         2553    i.HAL_GetTick       stm32f1xx_hal.o
    0x0800188c   0x0800188c   0x00000188   Code   RO         3528    i.HAL_I2C_Init      stm32f1xx_hal_i2c.o
    0x08001a14   0x08001a14   0x00000244   Code   RO         3534    i.HAL_I2C_Master_Receive  stm32f1xx_hal_i2c.o
    0x08001c58   0x08001c58   0x0000012c   Code   RO         3541    i.HAL_I2C_Master_Transmit  stm32f1xx_hal_i2c.o
    0x08001d84   0x08001d84   0x00000250   Code   RO         3546    i.HAL_I2C_Mem_Read  stm32f1xx_hal_i2c.o
    0x08001fd4   0x08001fd4   0x00000130   Code   RO         3549    i.HAL_I2C_Mem_Write  stm32f1xx_hal_i2c.o
    0x08002104   0x08002104   0x0000005c   Code   RO         2160    i.HAL_I2C_MspInit   stm32f1xx_hal_msp.o
    0x08002160   0x08002160   0x00000010   Code   RO         2559    i.HAL_IncTick       stm32f1xx_hal.o
    0x08002170   0x08002170   0x00000024   Code   RO         2560    i.HAL_Init          stm32f1xx_hal.o
    0x08002194   0x08002194   0x00000040   Code   RO         2561    i.HAL_InitTick      stm32f1xx_hal.o
    0x080021d4   0x080021d4   0x00000048   Code   RO         2161    i.HAL_MspInit       stm32f1xx_hal_msp.o
    0x0800221c   0x0800221c   0x0000001a   Code   RO         3017    i.HAL_NVIC_EnableIRQ  stm32f1xx_hal_cortex.o
    0x08002236   0x08002236   0x00000002   PAD
    0x08002238   0x08002238   0x00000040   Code   RO         3023    i.HAL_NVIC_SetPriority  stm32f1xx_hal_cortex.o
    0x08002278   0x08002278   0x00000024   Code   RO         3024    i.HAL_NVIC_SetPriorityGrouping  stm32f1xx_hal_cortex.o
    0x0800229c   0x0800229c   0x000000ec   Code   RO         2820    i.HAL_RCCEx_PeriphCLKConfig  stm32f1xx_hal_rcc_ex.o
    0x08002388   0x08002388   0x0000012c   Code   RO         2717    i.HAL_RCC_ClockConfig  stm32f1xx_hal_rcc.o
    0x080024b4   0x080024b4   0x00000020   Code   RO         2724    i.HAL_RCC_GetPCLK1Freq  stm32f1xx_hal_rcc.o
    0x080024d4   0x080024d4   0x00000020   Code   RO         2725    i.HAL_RCC_GetPCLK2Freq  stm32f1xx_hal_rcc.o
    0x080024f4   0x080024f4   0x0000006c   Code   RO         2726    i.HAL_RCC_GetSysClockFreq  stm32f1xx_hal_rcc.o
    0x08002560   0x08002560   0x00000320   Code   RO         2729    i.HAL_RCC_OscConfig  stm32f1xx_hal_rcc.o
    0x08002880   0x08002880   0x000000b2   Code   RO         3955    i.HAL_SPI_Init      stm32f1xx_hal_spi.o
    0x08002932   0x08002932   0x00000002   PAD
    0x08002934   0x08002934   0x0000005c   Code   RO         2163    i.HAL_SPI_MspInit   stm32f1xx_hal_msp.o
    0x08002990   0x08002990   0x00000166   Code   RO         3963    i.HAL_SPI_Transmit  stm32f1xx_hal_spi.o
    0x08002af6   0x08002af6   0x00000028   Code   RO         3028    i.HAL_SYSTICK_Config  stm32f1xx_hal_cortex.o
    0x08002b1e   0x08002b1e   0x00000002   Code   RO         4323    i.HAL_UART_ErrorCallback  stm32f1xx_hal_uart.o
    0x08002b20   0x08002b20   0x0000015c   Code   RO         4326    i.HAL_UART_IRQHandler  stm32f1xx_hal_uart.o
    0x08002c7c   0x08002c7c   0x00000062   Code   RO         4327    i.HAL_UART_Init     stm32f1xx_hal_uart.o
    0x08002cde   0x08002cde   0x00000002   PAD
    0x08002ce0   0x08002ce0   0x00000148   Code   RO         2165    i.HAL_UART_MspInit  stm32f1xx_hal_msp.o
    0x08002e28   0x08002e28   0x00000098   Code   RO         4331    i.HAL_UART_Receive_DMA  stm32f1xx_hal_uart.o
    0x08002ec0   0x08002ec0   0x00000002   Code   RO         4333    i.HAL_UART_RxCpltCallback  stm32f1xx_hal_uart.o
    0x08002ec2   0x08002ec2   0x00000002   Code   RO         4334    i.HAL_UART_RxHalfCpltCallback  stm32f1xx_hal_uart.o
    0x08002ec4   0x08002ec4   0x000000b2   Code   RO         4335    i.HAL_UART_Transmit  stm32f1xx_hal_uart.o
    0x08002f76   0x08002f76   0x00000002   Code   RO         4338    i.HAL_UART_TxCpltCallback  stm32f1xx_hal_uart.o
    0x08002f78   0x08002f78   0x00000002   Code   RO         2084    i.HardFault_Handler  stm32f1xx_it.o
    0x08002f7a   0x08002f7a   0x0000002e   Code   RO         3570    i.I2C_IsAcknowledgeFailed  stm32f1xx_hal_i2c.o
    0x08002fa8   0x08002fa8   0x000000ec   Code   RO         3573    i.I2C_MasterRequestRead  stm32f1xx_hal_i2c.o
    0x08003094   0x08003094   0x0000009c   Code   RO         3574    i.I2C_MasterRequestWrite  stm32f1xx_hal_i2c.o
    0x08003130   0x08003130   0x000000fc   Code   RO         3580    i.I2C_RequestMemoryRead  stm32f1xx_hal_i2c.o
    0x0800322c   0x0800322c   0x000000a8   Code   RO         3581    i.I2C_RequestMemoryWrite  stm32f1xx_hal_i2c.o
    0x080032d4   0x080032d4   0x0000004c   Code   RO         3584    i.I2C_WaitOnBTFFlagUntilTimeout  stm32f1xx_hal_i2c.o
    0x08003320   0x08003320   0x00000068   Code   RO         3585    i.I2C_WaitOnFlagUntilTimeout  stm32f1xx_hal_i2c.o
    0x08003388   0x08003388   0x00000096   Code   RO         3586    i.I2C_WaitOnMasterAddressFlagUntilTimeout  stm32f1xx_hal_i2c.o
    0x0800341e   0x0800341e   0x00000066   Code   RO         3587    i.I2C_WaitOnRXNEFlagUntilTimeout  stm32f1xx_hal_i2c.o
    0x08003484   0x08003484   0x0000004c   Code   RO         3588    i.I2C_WaitOnTXEFlagUntilTimeout  stm32f1xx_hal_i2c.o
    0x080034d0   0x080034d0   0x00000038   Code   RO          510    i.LED_Blink         led.o
    0x08003508   0x08003508   0x00000028   Code   RO          511    i.LED_Set           led.o
    0x08003530   0x08003530   0x00000010   Code   RO         1064    i.LTE_AlysCcid      mod_api_ec600.o
    0x08003540   0x08003540   0x000000a8   Code   RO         1065    i.LTE_AlysCreg      mod_api_ec600.o
    0x080035e8   0x080035e8   0x00000014   Code   RO         1066    i.LTE_AlysCsq       mod_api_ec600.o
    0x080035fc   0x080035fc   0x00000010   Code   RO         1067    i.LTE_AlysImei      mod_api_ec600.o
    0x0800360c   0x0800360c   0x00000014   Code   RO         1068    i.LTE_ModInit       mod_api_ec600.o
    0x08003620   0x08003620   0x00000010   Code   RO         1069    i.LTE_PwrEN         mod_api_ec600.o
    0x08003630   0x08003630   0x0000002c   Code   RO         1070    i.LTE_PwrPls        mod_api_ec600.o
    0x0800365c   0x0800365c   0x0000000c   Code   RO         1075    i.LTE_ReadRssi      mod_api_ec600.o
    0x08003668   0x08003668   0x0000004c   Code   RO         1076    i.LTE_StsIndn       mod_api_ec600.o
    0x080036b4   0x080036b4   0x00000084   Code   RO          512    i.Led_OnOff         led.o
    0x08003738   0x08003738   0x000000b4   Code   RO         1189    i.Lte_Run_0_power   netdriver_ec600.o
    0x080037ec   0x080037ec   0x000000e4   Code   RO         1190    i.Lte_Run_1_info    netdriver_ec600.o
    0x080038d0   0x080038d0   0x00000040   Code   RO         1191    i.Lte_Run_2_sim     netdriver_ec600.o
    0x08003910   0x08003910   0x0000013c   Code   RO         1192    i.Lte_Run_3_cnting  netdriver_ec600.o
    0x08003a4c   0x08003a4c   0x000000f0   Code   RO         1193    i.Lte_Run_4_cnted   netdriver_ec600.o
    0x08003b3c   0x08003b3c   0x00000030   Code   RO         1194    i.Lte_process_0_pwr  netdriver_ec600.o
    0x08003b6c   0x08003b6c   0x0000013c   Code   RO         1195    i.Lte_process_1_info  netdriver_ec600.o
    0x08003ca8   0x08003ca8   0x0000002c   Code   RO         1196    i.Lte_process_2_sim  netdriver_ec600.o
    0x08003cd4   0x08003cd4   0x00000054   Code   RO         1197    i.Lte_process_3_cneting  netdriver_ec600.o
    0x08003d28   0x08003d28   0x0000007c   Code   RO         1198    i.Lte_process_4_cnted  netdriver_ec600.o
    0x08003da4   0x08003da4   0x00000020   Code   RO         1199    i.MOD_SendReq       netdriver_ec600.o
    0x08003dc4   0x08003dc4   0x00000030   Code   RO         1200    i.MOD_Send_CMD      netdriver_ec600.o
    0x08003df4   0x08003df4   0x00000040   Code   RO          732    i.MPU6050_Exist     mpu6050.o
    0x08003e34   0x08003e34   0x00000070   Code   RO          733    i.MPU6050_Init      mpu6050.o
    0x08003ea4   0x08003ea4   0x00000038   Code   RO          734    i.MPU6050_ReadAccel  mpu6050.o
    0x08003edc   0x08003edc   0x00000024   Code   RO          735    i.MPU6050_ReadBytes  mpu6050.o
    0x08003f00   0x08003f00   0x00000038   Code   RO          736    i.MPU6050_ReadGyro  mpu6050.o
    0x08003f38   0x08003f38   0x00000088   Code   RO          738    i.MPU6050_Read_Accel_Gyro  mpu6050.o
    0x08003fc0   0x08003fc0   0x00000048   Code   RO          739    i.MPU6050_SetAccelFSR  mpu6050.o
    0x08004008   0x08004008   0x00000050   Code   RO          740    i.MPU6050_SetGyroFSR  mpu6050.o
    0x08004058   0x08004058   0x00000028   Code   RO          743    i.MPU6050_WriteByte  mpu6050.o
    0x08004080   0x08004080   0x00000048   Code   RO         1591    i.MQTTDeserialize_ack  mqttdeserializepublish.o
    0x080040c8   0x080040c8   0x0000005c   Code   RO         1507    i.MQTTDeserialize_connack  mqttconnectclient.o
    0x08004124   0x08004124   0x0000008c   Code   RO         1592    i.MQTTDeserialize_publish  mqttdeserializepublish.o
    0x080041b0   0x080041b0   0x0000007c   Code   RO         1609    i.MQTTDeserialize_suback  mqttsubscribeclient.o
    0x0800422c   0x0800422c   0x00000036   Code   RO         1393    i.MQTTPacket_decode  mqttpacket.o
    0x08004262   0x08004262   0x00000002   PAD
    0x08004264   0x08004264   0x00000014   Code   RO         1394    i.MQTTPacket_decodeBuf  mqttpacket.o
    0x08004278   0x08004278   0x0000002a   Code   RO         1395    i.MQTTPacket_encode  mqttpacket.o
    0x080042a2   0x080042a2   0x00000002   PAD
    0x080042a4   0x080042a4   0x00000028   Code   RO         1397    i.MQTTPacket_len    mqttpacket.o
    0x080042cc   0x080042cc   0x00000048   Code   RO         1549    i.MQTTSerialize_ack  mqttserializepublish.o
    0x08004314   0x08004314   0x00000118   Code   RO         1508    i.MQTTSerialize_connect  mqttconnectclient.o
    0x0800442c   0x0800442c   0x00000076   Code   RO         1509    i.MQTTSerialize_connectLength  mqttconnectclient.o
    0x080044a2   0x080044a2   0x00000006   Code   RO         1511    i.MQTTSerialize_pingreq  mqttconnectclient.o
    0x080044a8   0x080044a8   0x0000000e   Code   RO         1550    i.MQTTSerialize_puback  mqttserializepublish.o
    0x080044b6   0x080044b6   0x00000086   Code   RO         1552    i.MQTTSerialize_publish  mqttserializepublish.o
    0x0800453c   0x0800453c   0x0000001e   Code   RO         1553    i.MQTTSerialize_publishLength  mqttserializepublish.o
    0x0800455a   0x0800455a   0x00000032   Code   RO         1512    i.MQTTSerialize_zero  mqttconnectclient.o
    0x0800458c   0x0800458c   0x0000000e   Code   RO         1400    i.MQTTstrlen        mqttpacket.o
    0x0800459a   0x0800459a   0x00000002   PAD
    0x0800459c   0x0800459c   0x0000004c   Code   RO         1976    i.MX_ADC1_Init      main.o
    0x080045e8   0x080045e8   0x000000f0   Code   RO         1977    i.MX_GPIO_Init      main.o
    0x080046d8   0x080046d8   0x00000040   Code   RO         1978    i.MX_SPI1_Init      main.o
    0x08004718   0x08004718   0x00000002   Code   RO         2085    i.MemManage_Handler  stm32f1xx_it.o
    0x0800471a   0x0800471a   0x00000002   PAD
    0x0800471c   0x0800471c   0x00000094   Code   RO         1201    i.Mod_RcvProcess    netdriver_ec600.o
    0x080047b0   0x080047b0   0x00000014   Code   RO         1077    i.Mod_UartSendBuf   mod_api_ec600.o
    0x080047c4   0x080047c4   0x00000144   Code   RO            5    i.Mqtt_FuncLog      app_cat1_ali.o
    0x08004908   0x08004908   0x0000022c   Code   RO            6    i.Mqtt_FuncPub      app_cat1_ali.o
    0x08004b34   0x08004b34   0x00000088   Code   RO            7    i.Mqtt_SendJson     app_cat1_ali.o
    0x08004bbc   0x08004bbc   0x0000017c   Code   RO            8    i.Mqtt_process      app_cat1_ali.o
    0x08004d38   0x08004d38   0x00000070   Code   RO            9    i.Mqtt_process_payload  app_cat1_ali.o
    0x08004da8   0x08004da8   0x00000014   Code   RO         1202    i.NET_Status        netdriver_ec600.o
    0x08004dbc   0x08004dbc   0x00000002   Code   RO         2086    i.NMI_Handler       stm32f1xx_it.o
    0x08004dbe   0x08004dbe   0x00000022   Code   RO          559    i.OLED_Address      oled.o
    0x08004de0   0x08004de0   0x00000104   Code   RO          565    i.OLED_DisStringFmt  oled.o
    0x08004ee4   0x08004ee4   0x000000f8   Code   RO          567    i.OLED_Init         oled.o
    0x08004fdc   0x08004fdc   0x0000002c   Code   RO          568    i.OLED_Reset        oled.o
    0x08005008   0x08005008   0x00000024   Code   RO          569    i.OLED_WriteCom     oled.o
    0x0800502c   0x0800502c   0x00000024   Code   RO          570    i.OLED_WriteData    oled.o
    0x08005050   0x08005050   0x00000008   Code   RO         1327    i.SERVER_Info       socket_buf.o
    0x08005058   0x08005058   0x00000078   Code   RO          666    i.SHT20_GetValue    sht20.o
    0x080050d0   0x080050d0   0x0000002c   Code   RO          667    i.SHT20_read_user_reg  sht20.o
    0x080050fc   0x080050fc   0x00000020   Code   RO          668    i.SHT20_reset       sht20.o
    0x0800511c   0x0800511c   0x00000030   Code   RO          669    i.SHT2x_CalcRH      sht20.o
    0x0800514c   0x0800514c   0x00000034   Code   RO          670    i.SHT2x_CalcTemperatureC  sht20.o
    0x08005180   0x08005180   0x0000003c   Code   RO          671    i.SHT2x_CheckCrc    sht20.o
    0x080051bc   0x080051bc   0x0000006c   Code   RO          672    i.SHT2x_MeasureHM   sht20.o
    0x08005228   0x08005228   0x00000008   Code   RO         1328    i.SOCKET_SendBuf    socket_buf.o
    0x08005230   0x08005230   0x00000008   Code   RO         1329    i.SOCKET_SendLen    socket_buf.o
    0x08005238   0x08005238   0x00000020   Code   RO         3993    i.SPI_EndRxTxTransaction  stm32f1xx_hal_spi.o
    0x08005258   0x08005258   0x000000b8   Code   RO         3998    i.SPI_WaitFlagStateUntilTimeout  stm32f1xx_hal_spi.o
    0x08005310   0x08005310   0x00000024   Code   RO         1203    i.SVR_Connect       netdriver_ec600.o
    0x08005334   0x08005334   0x00000014   Code   RO         1204    i.SVR_Status        netdriver_ec600.o
    0x08005348   0x08005348   0x00000024   Code   RO         1330    i.Socket_SendData   socket_buf.o
    0x0800536c   0x0800536c   0x00000078   Code   RO         1331    i.Socket_Start      socket_buf.o
    0x080053e4   0x080053e4   0x00000018   Code   RO         2087    i.SysTick_Handler   stm32f1xx_it.o
    0x080053fc   0x080053fc   0x00000078   Code   RO         1979    i.SystemClock_Config  main.o
    0x08005474   0x08005474   0x00000002   Code   RO         4624    i.SystemInit        system_stm32f1xx.o
    0x08005476   0x08005476   0x00000002   PAD
    0x08005478   0x08005478   0x000001f4   Code   RO           10    i.TASK_App          app_cat1_ali.o
    0x0800566c   0x0800566c   0x000000a4   Code   RO          513    i.TASK_Led          led.o
    0x08005710   0x08005710   0x0000007c   Code   RO         1205    i.TASK_Net          netdriver_ec600.o
    0x0800578c   0x0800578c   0x00000004   Code   RO         1980    i.Task01_Led        main.o
    0x08005790   0x08005790   0x00000004   Code   RO         1981    i.Task03_Net        main.o
    0x08005794   0x08005794   0x00000004   Code   RO         1982    i.Task04_App        main.o
    0x08005798   0x08005798   0x00000010   Code   RO         4340    i.UART_DMAAbortOnError  stm32f1xx_hal_uart.o
    0x080057a8   0x080057a8   0x0000004a   Code   RO         4341    i.UART_DMAError     stm32f1xx_hal_uart.o
    0x080057f2   0x080057f2   0x0000003c   Code   RO         4342    i.UART_DMAReceiveCplt  stm32f1xx_hal_uart.o
    0x0800582e   0x0800582e   0x0000000a   Code   RO         4344    i.UART_DMARxHalfCplt  stm32f1xx_hal_uart.o
    0x08005838   0x08005838   0x0000001c   Code   RO         4350    i.UART_EndRxTransfer  stm32f1xx_hal_uart.o
    0x08005854   0x08005854   0x00000012   Code   RO         4351    i.UART_EndTxTransfer  stm32f1xx_hal_uart.o
    0x08005866   0x08005866   0x0000008c   Code   RO         4352    i.UART_Receive_IT   stm32f1xx_hal_uart.o
    0x080058f2   0x080058f2   0x00000002   PAD
    0x080058f4   0x080058f4   0x000000b8   Code   RO         4353    i.UART_SetConfig    stm32f1xx_hal_uart.o
    0x080059ac   0x080059ac   0x00000064   Code   RO         4354    i.UART_WaitOnFlagUntilTimeout  stm32f1xx_hal_uart.o
    0x08005a10   0x08005a10   0x00000002   Code   RO          922    i.USART1_IRQHandler  uart1_print.o
    0x08005a12   0x08005a12   0x00000002   PAD
    0x08005a14   0x08005a14   0x00000044   Code   RO          924    i.USART1_Printf     uart1_print.o
    0x08005a58   0x08005a58   0x00000004   Code   RO          925    i.USART1_PrintfBuf  uart1_print.o
    0x08005a5c   0x08005a5c   0x00000014   Code   RO         2088    i.USART3_IRQHandler  stm32f1xx_it.o
    0x08005a70   0x08005a70   0x0000003c   Code   RO          966    i.USART3_IRQHandlerData  uart3_mod.o
    0x08005aac   0x08005aac   0x00000030   Code   RO          967    i.USART3_Init       uart3_mod.o
    0x08005adc   0x08005adc   0x00000018   Code   RO          968    i.USART3_Poll       uart3_mod.o
    0x08005af4   0x08005af4   0x00000008   Code   RO          969    i.USART3_RcvBufPtr  uart3_mod.o
    0x08005afc   0x08005afc   0x0000002c   Code   RO          970    i.USART3_RdByte     uart3_mod.o
    0x08005b28   0x08005b28   0x00000014   Code   RO          971    i.USART3_RdIdxAdd   uart3_mod.o
    0x08005b3c   0x08005b3c   0x0000000c   Code   RO          972    i.USART3_RdIdxRd    uart3_mod.o
    0x08005b48   0x08005b48   0x00000010   Code   RO          973    i.USART3_RdIdxSet   uart3_mod.o
    0x08005b58   0x08005b58   0x0000000c   Code   RO          974    i.USART3_StsRd      uart3_mod.o
    0x08005b64   0x08005b64   0x0000000c   Code   RO          975    i.USART3_StsSet     uart3_mod.o
    0x08005b70   0x08005b70   0x00000014   Code   RO          976    i.USART3_UnreadLen  uart3_mod.o
    0x08005b84   0x08005b84   0x0000000c   Code   RO          977    i.USART3_WrIdxRd    uart3_mod.o
    0x08005b90   0x08005b90   0x00000068   Code   RO         1206    i.UartChrgStr       netdriver_ec600.o
    0x08005bf8   0x08005bf8   0x0000008c   Code   RO         1207    i.Uart_DataProcess  netdriver_ec600.o
    0x08005c84   0x08005c84   0x00000002   Code   RO         2089    i.UsageFault_Handler  stm32f1xx_it.o
    0x08005c86   0x08005c86   0x00000002   PAD
    0x08005c88   0x08005c88   0x00000030   Code   RO         6536    i.__0snprintf       mc_w.l(printfa.o)
    0x08005cb8   0x08005cb8   0x00000028   Code   RO         6537    i.__0sprintf        mc_w.l(printfa.o)
    0x08005ce0   0x08005ce0   0x0000002c   Code   RO         6540    i.__0vsnprintf      mc_w.l(printfa.o)
    0x08005d0c   0x08005d0c   0x00000028   Code   RO         6635    i.__ARM_fpclassify  m_ws.l(fpclassify.o)
    0x08005d34   0x08005d34   0x00000020   Code   RO         3030    i.__NVIC_SetPriority  stm32f1xx_hal_cortex.o
    0x08005d54   0x08005d54   0x00000008   Code   RO         6675    i.__aeabi_errno_addr  mc_w.l(errno.o)
    0x08005d5c   0x08005d5c   0x000000aa   Code   RO         6637    i.__kernel_poly     m_ws.l(poly.o)
    0x08005e06   0x08005e06   0x00000002   PAD
    0x08005e08   0x08005e08   0x00000010   Code   RO         6621    i.__mathlib_dbl_divzero  m_ws.l(dunder.o)
    0x08005e18   0x08005e18   0x00000004   Code   RO         6623    i.__mathlib_dbl_infnan2  m_ws.l(dunder.o)
    0x08005e1c   0x08005e1c   0x0000000c   Code   RO         6624    i.__mathlib_dbl_invalid  m_ws.l(dunder.o)
    0x08005e28   0x08005e28   0x0000000e   Code   RO         6625    i.__mathlib_dbl_overflow  m_ws.l(dunder.o)
    0x08005e36   0x08005e36   0x00000002   PAD
    0x08005e38   0x08005e38   0x00000010   Code   RO         6627    i.__mathlib_dbl_underflow  m_ws.l(dunder.o)
    0x08005e48   0x08005e48   0x0000000e   Code   RO         6705    i.__scatterload_copy  mc_w.l(handlers.o)
    0x08005e56   0x08005e56   0x00000002   Code   RO         6706    i.__scatterload_null  mc_w.l(handlers.o)
    0x08005e58   0x08005e58   0x0000000e   Code   RO         6707    i.__scatterload_zeroinit  mc_w.l(handlers.o)
    0x08005e66   0x08005e66   0x00000002   PAD
    0x08005e68   0x08005e68   0x0000000c   Code   RO         6677    i.__set_errno       mc_w.l(errno.o)
    0x08005e74   0x08005e74   0x00000184   Code   RO         6542    i._fp_digits        mc_w.l(printfa.o)
    0x08005ff8   0x08005ff8   0x000006dc   Code   RO         6543    i._printf_core      mc_w.l(printfa.o)
    0x080066d4   0x080066d4   0x00000024   Code   RO         6544    i._printf_post_padding  mc_w.l(printfa.o)
    0x080066f8   0x080066f8   0x0000002e   Code   RO         6545    i._printf_pre_padding  mc_w.l(printfa.o)
    0x08006726   0x08006726   0x00000016   Code   RO         6546    i._snputc           mc_w.l(printfa.o)
    0x0800673c   0x0800673c   0x0000000a   Code   RO         6547    i._sputc            mc_w.l(printfa.o)
    0x08006746   0x08006746   0x00000002   PAD
    0x08006748   0x08006748   0x0000004c   Code   RO          442    i.app_KeyHandle     key.o
    0x08006794   0x08006794   0x00000024   Code   RO         1401    i.bufchar           mqttpacket.o
    0x080067b8   0x080067b8   0x0000001c   Code   RO         1635    i.cJSON_AddItemToArray  cjson.o
    0x080067d4   0x080067d4   0x00000030   Code   RO         1636    i.cJSON_AddItemToObject  cjson.o
    0x08006804   0x08006804   0x00000024   Code   RO         1645    i.cJSON_CreateNumber  cjson.o
    0x08006828   0x08006828   0x00000010   Code   RO         1646    i.cJSON_CreateObject  cjson.o
    0x08006838   0x08006838   0x0000001c   Code   RO         1647    i.cJSON_CreateString  cjson.o
    0x08006854   0x08006854   0x00000048   Code   RO         1650    i.cJSON_Delete      cjson.o
    0x0800689c   0x0800689c   0x00000020   Code   RO         1659    i.cJSON_GetObjectItem  cjson.o
    0x080068bc   0x080068bc   0x0000001c   Code   RO         1663    i.cJSON_New_Item    cjson.o
    0x080068d8   0x080068d8   0x00000008   Code   RO         1664    i.cJSON_Parse       cjson.o
    0x080068e0   0x080068e0   0x00000060   Code   RO         1665    i.cJSON_ParseWithOpts  cjson.o
    0x08006940   0x08006940   0x0000000a   Code   RO         1666    i.cJSON_Print       cjson.o
    0x0800694a   0x0800694a   0x00000042   Code   RO         1671    i.cJSON_strcasecmp  cjson.o
    0x0800698c   0x0800698c   0x0000002c   Code   RO         1672    i.cJSON_strdup      cjson.o
    0x080069b8   0x080069b8   0x00000068   Code   RO         5200    i.eTaskGetState     tasks.o
    0x08006a20   0x08006a20   0x00000070   Code   RO         1674    i.ensure            cjson.o
    0x08006a90   0x08006a90   0x000000dc   Code   RO         6232    i.floor             m_ws.l(floor.o)
    0x08006b6c   0x08006b6c   0x00000050   Code   RO         6563    i.free              mc_w.l(malloc.o)
    0x08006bbc   0x08006bbc   0x00000094   Code   RO          446    i.key_poll          key.o
    0x08006c50   0x08006c50   0x00000148   Code   RO         1983    i.main              main.o
    0x08006d98   0x08006d98   0x0000006c   Code   RO         6564    i.malloc            mc_w.l(malloc.o)
    0x08006e04   0x08006e04   0x00000034   Code   RO         5712    i.osDelay           cmsis_os2.o
    0x08006e38   0x08006e38   0x00000038   Code   RO         5726    i.osKernelInitialize  cmsis_os2.o
    0x08006e70   0x08006e70   0x00000040   Code   RO         5729    i.osKernelStart     cmsis_os2.o
    0x08006eb0   0x08006eb0   0x000000a4   Code   RO         5763    i.osThreadNew       cmsis_os2.o
    0x08006f54   0x08006f54   0x0000008c   Code   RO         1675    i.parse_array       cjson.o
    0x08006fe0   0x08006fe0   0x000000a6   Code   RO         1676    i.parse_hex4        cjson.o
    0x08007086   0x08007086   0x00000002   PAD
    0x08007088   0x08007088   0x00000158   Code   RO         1677    i.parse_number      cjson.o
    0x080071e0   0x080071e0   0x000000d4   Code   RO         1678    i.parse_object      cjson.o
    0x080072b4   0x080072b4   0x00000180   Code   RO         1679    i.parse_string      cjson.o
    0x08007434   0x08007434   0x000000b4   Code   RO         1680    i.parse_value       cjson.o
    0x080074e8   0x080074e8   0x000009d8   Code   RO         6236    i.pow               m_ws.l(pow.o)
    0x08007ec0   0x08007ec0   0x000001d0   Code   RO         1681    i.print_array       cjson.o
    0x08008090   0x08008090   0x00000164   Code   RO         1682    i.print_number      cjson.o
    0x080081f4   0x080081f4   0x00000374   Code   RO         1683    i.print_object      cjson.o
    0x08008568   0x08008568   0x00000006   Code   RO         1684    i.print_string      cjson.o
    0x0800856e   0x0800856e   0x00000002   PAD
    0x08008570   0x08008570   0x00000178   Code   RO         1685    i.print_string_ptr  cjson.o
    0x080086e8   0x080086e8   0x000000bc   Code   RO         1686    i.print_value       cjson.o
    0x080087a4   0x080087a4   0x00000064   Code   RO         5202    i.prvAddCurrentTaskToDelayedList  tasks.o
    0x08008808   0x08008808   0x000000d0   Code   RO         5203    i.prvAddNewTaskToReadyList  tasks.o
    0x080088d8   0x080088d8   0x00000058   Code   RO         5558    i.prvCheckForValidListAndQueue  timers.o
    0x08008930   0x08008930   0x00000026   Code   RO         4817    i.prvCopyDataFromQueue  queue.o
    0x08008956   0x08008956   0x0000006c   Code   RO         4818    i.prvCopyDataToQueue  queue.o
    0x080089c2   0x080089c2   0x00000034   Code   RO         5204    i.prvDeleteTCB      tasks.o
    0x080089f6   0x080089f6   0x00000002   PAD
    0x080089f8   0x080089f8   0x00000064   Code   RO         5205    i.prvIdleTask       tasks.o
    0x08008a5c   0x08008a5c   0x00000022   Code   RO         4820    i.prvInitialiseNewQueue  queue.o
    0x08008a7e   0x08008a7e   0x000000a0   Code   RO         5206    i.prvInitialiseNewTask  tasks.o
    0x08008b1e   0x08008b1e   0x00000002   PAD
    0x08008b20   0x08008b20   0x00000038   Code   RO         5560    i.prvInsertTimerInActiveList  timers.o
    0x08008b58   0x08008b58   0x0000001c   Code   RO         4821    i.prvIsQueueEmpty   queue.o
    0x08008b74   0x08008b74   0x000000cc   Code   RO         5561    i.prvProcessReceivedCommands  timers.o
    0x08008c40   0x08008c40   0x000000b4   Code   RO         5562    i.prvProcessTimerOrBlockTask  timers.o
    0x08008cf4   0x08008cf4   0x00000020   Code   RO         5208    i.prvResetNextTaskUnblockTime  tasks.o
    0x08008d14   0x08008d14   0x00000028   Code   RO         5563    i.prvSampleTimeNow  timers.o
    0x08008d3c   0x08008d3c   0x0000006c   Code   RO         5564    i.prvSwitchTimerLists  timers.o
    0x08008da8   0x08008da8   0x00000028   Code   RO         6155    i.prvTaskExitError  port.o
    0x08008dd0   0x08008dd0   0x00000024   Code   RO         5565    i.prvTimerTask      timers.o
    0x08008df4   0x08008df4   0x0000006a   Code   RO         4822    i.prvUnlockQueue    queue.o
    0x08008e5e   0x08008e5e   0x00000018   Code   RO         6136    i.pvPortMalloc      heap_3.o
    0x08008e76   0x08008e76   0x00000002   PAD
    0x08008e78   0x08008e78   0x00000024   Code   RO         6156    i.pxPortInitialiseStack  port.o
    0x08008e9c   0x08008e9c   0x0000000c   Code   RO         1403    i.readChar          mqttpacket.o
    0x08008ea8   0x08008ea8   0x00000012   Code   RO         1404    i.readInt           mqttpacket.o
    0x08008eba   0x08008eba   0x00000034   Code   RO         1405    i.readMQTTLenString  mqttpacket.o
    0x08008eee   0x08008eee   0x00000014   Code   RO         1687    i.skip              cjson.o
    0x08008f02   0x08008f02   0x0000004c   Code   RO         6641    i.sqrt              m_ws.l(sqrt.o)
    0x08008f4e   0x08008f4e   0x00000002   PAD
    0x08008f50   0x08008f50   0x00000048   Code   RO         1208    i.uart_indication   netdriver_ec600.o
    0x08008f98   0x08008f98   0x0000001c   Code   RO         1688    i.update            cjson.o
    0x08008fb4   0x08008fb4   0x00000012   Code   RO          313    i.utils_hb2hex      utils_md5.o
    0x08008fc6   0x08008fc6   0x000000d6   Code   RO          277    i.utils_hmac_sha1   utils_hmac.o
    0x0800909c   0x0800909c   0x000000d8   Code   RO          375    i.utils_sha1_finish  utils_sha1.o
    0x08009174   0x08009174   0x00000006   Code   RO          377    i.utils_sha1_init   utils_sha1.o
    0x0800917a   0x0800917a   0x00000002   PAD
    0x0800917c   0x0800917c   0x0000123e   Code   RO          378    i.utils_sha1_process  utils_sha1.o
    0x0800a3ba   0x0800a3ba   0x00000002   PAD
    0x0800a3bc   0x0800a3bc   0x0000002c   Code   RO          379    i.utils_sha1_starts  utils_sha1.o
    0x0800a3e8   0x0800a3e8   0x00000070   Code   RO          380    i.utils_sha1_update  utils_sha1.o
    0x0800a458   0x0800a458   0x00000026   Code   RO         4780    i.uxListRemove      list.o
    0x0800a47e   0x0800a47e   0x00000002   PAD
    0x0800a480   0x0800a480   0x00000014   Code   RO         5775    i.vApplicationGetIdleTaskMemory  cmsis_os2.o
    0x0800a494   0x0800a494   0x00000018   Code   RO         5776    i.vApplicationGetTimerTaskMemory  cmsis_os2.o
    0x0800a4ac   0x0800a4ac   0x00000004   Code   RO         2057    i.vApplicationIdleHook  freertos.o
    0x0800a4b0   0x0800a4b0   0x00000016   Code   RO         4781    i.vListInitialise   list.o
    0x0800a4c6   0x0800a4c6   0x00000006   Code   RO         4782    i.vListInitialiseItem  list.o
    0x0800a4cc   0x0800a4cc   0x00000030   Code   RO         4783    i.vListInsert       list.o
    0x0800a4fc   0x0800a4fc   0x00000018   Code   RO         4784    i.vListInsertEnd    list.o
    0x0800a514   0x0800a514   0x00000040   Code   RO         6158    i.vPortEnterCritical  port.o
    0x0800a554   0x0800a554   0x00000028   Code   RO         6159    i.vPortExitCritical  port.o
    0x0800a57c   0x0800a57c   0x0000001a   Code   RO         6137    i.vPortFree         heap_3.o
    0x0800a596   0x0800a596   0x00000002   PAD
    0x0800a598   0x0800a598   0x00000024   Code   RO         6160    i.vPortSetupTimerInterrupt  port.o
    0x0800a5bc   0x0800a5bc   0x00000054   Code   RO         6161    i.vPortValidateInterruptPriority  port.o
    0x0800a610   0x0800a610   0x00000028   Code   RO         4828    i.vQueueAddToRegistry  queue.o
    0x0800a638   0x0800a638   0x00000044   Code   RO         4832    i.vQueueWaitForMessageRestricted  queue.o
    0x0800a67c   0x0800a67c   0x0000004c   Code   RO         5220    i.vTaskDelay        tasks.o
    0x0800a6c8   0x0800a6c8   0x0000008c   Code   RO         5221    i.vTaskDelayUntil   tasks.o
    0x0800a754   0x0800a754   0x00000010   Code   RO         5225    i.vTaskInternalSetTimeOutState  tasks.o
    0x0800a764   0x0800a764   0x0000000c   Code   RO         5226    i.vTaskMissedYield  tasks.o
    0x0800a770   0x0800a770   0x00000030   Code   RO         5228    i.vTaskPlaceOnEventList  tasks.o
    0x0800a7a0   0x0800a7a0   0x00000038   Code   RO         5229    i.vTaskPlaceOnEventListRestricted  tasks.o
    0x0800a7d8   0x0800a7d8   0x00000088   Code   RO         5237    i.vTaskStartScheduler  tasks.o
    0x0800a860   0x0800a860   0x00000010   Code   RO         5239    i.vTaskSuspendAll   tasks.o
    0x0800a870   0x0800a870   0x00000064   Code   RO         5240    i.vTaskSwitchContext  tasks.o
    0x0800a8d4   0x0800a8d4   0x00000028   Code   RO         1406    i.writeCString      mqttpacket.o
    0x0800a8fc   0x0800a8fc   0x0000000c   Code   RO         1407    i.writeChar         mqttpacket.o
    0x0800a908   0x0800a908   0x0000001e   Code   RO         1408    i.writeInt          mqttpacket.o
    0x0800a926   0x0800a926   0x00000036   Code   RO         1409    i.writeMQTTString   mqttpacket.o
    0x0800a95c   0x0800a95c   0x000000a8   Code   RO         6162    i.xPortStartScheduler  port.o
    0x0800aa04   0x0800aa04   0x0000002c   Code   RO         6163    i.xPortSysTickHandler  port.o
    0x0800aa30   0x0800aa30   0x00000066   Code   RO         4838    i.xQueueGenericCreateStatic  queue.o
    0x0800aa96   0x0800aa96   0x00000002   PAD
    0x0800aa98   0x0800aa98   0x00000088   Code   RO         4839    i.xQueueGenericReset  queue.o
    0x0800ab20   0x0800ab20   0x00000160   Code   RO         4840    i.xQueueGenericSend  queue.o
    0x0800ac80   0x0800ac80   0x000000bc   Code   RO         4841    i.xQueueGenericSendFromISR  queue.o
    0x0800ad3c   0x0800ad3c   0x00000138   Code   RO         4850    i.xQueueReceive     queue.o
    0x0800ae74   0x0800ae74   0x00000088   Code   RO         5241    i.xTaskAbortDelay   tasks.o
    0x0800aefc   0x0800aefc   0x00000088   Code   RO         5242    i.xTaskCheckForTimeOut  tasks.o
    0x0800af84   0x0800af84   0x0000005a   Code   RO         5243    i.xTaskCreate       tasks.o
    0x0800afde   0x0800afde   0x00000056   Code   RO         5244    i.xTaskCreateStatic  tasks.o
    0x0800b034   0x0800b034   0x0000001c   Code   RO         5248    i.xTaskGetSchedulerState  tasks.o
    0x0800b050   0x0800b050   0x0000000c   Code   RO         5249    i.xTaskGetTickCount  tasks.o
    0x0800b05c   0x0800b05c   0x000000c8   Code   RO         5251    i.xTaskIncrementTick  tasks.o
    0x0800b124   0x0800b124   0x00000080   Code   RO         5254    i.xTaskPriorityDisinherit  tasks.o
    0x0800b1a4   0x0800b1a4   0x00000070   Code   RO         5256    i.xTaskRemoveFromEventList  tasks.o
    0x0800b214   0x0800b214   0x000000c4   Code   RO         5257    i.xTaskResumeAll    tasks.o
    0x0800b2d8   0x0800b2d8   0x00000060   Code   RO         5572    i.xTimerCreateTimerTask  timers.o
    0x0800b338   0x0800b338   0x00000068   Code   RO         5573    i.xTimerGenericCommand  timers.o
    0x0800b3a0   0x0800b3a0   0x00000064   Data   RO           12    .constdata          app_cat1_ali.o
    0x0800b404   0x0800b404   0x00000040   Data   RO          381    .constdata          utils_sha1.o
    0x0800b444   0x0800b444   0x000005f0   Data   RO          427    .constdata          font.o
    0x0800ba34   0x0800ba34   0x000000c0   Data   RO         1212    .constdata          netdriver_ec600.o
    0x0800baf4   0x0800baf4   0x00000002   Data   RO         1213    .constdata          netdriver_ec600.o
    0x0800baf6   0x0800baf6   0x00000004   Data   RO         1214    .constdata          netdriver_ec600.o
    0x0800bafa   0x0800bafa   0x00000001   Data   RO         1215    .constdata          netdriver_ec600.o
    0x0800bafb   0x0800bafb   0x0000000a   Data   RO         1216    .constdata          netdriver_ec600.o
    0x0800bb05   0x0800bb05   0x0000000c   Data   RO         1217    .constdata          netdriver_ec600.o
    0x0800bb11   0x0800bb11   0x00000007   Data   RO         1689    .constdata          cjson.o
    0x0800bb18   0x0800bb18   0x0000006c   Data   RO         1992    .constdata          main.o
    0x0800bb84   0x0800bb84   0x00000010   Data   RO         4625    .constdata          system_stm32f1xx.o
    0x0800bb94   0x0800bb94   0x00000008   Data   RO         4626    .constdata          system_stm32f1xx.o
    0x0800bb9c   0x0800bb9c   0x00000004   PAD
    0x0800bba0   0x0800bba0   0x00000088   Data   RO         6237    .constdata          m_ws.l(pow.o)
    0x0800bc28   0x0800bc28   0x00000081   Data   RO         6251    .constdata          mc_w.l(ctype_o.o)
    0x0800bca9   0x0800bca9   0x00000003   PAD
    0x0800bcac   0x0800bcac   0x00000004   Data   RO         6252    .constdata          mc_w.l(ctype_o.o)
    0x0800bcb0   0x0800bcb0   0x00000008   Data   RO         6639    .constdata          m_ws.l(qnan.o)
    0x0800bcb8   0x0800bcb8   0x00000031   Data   RO           13    .conststring        app_cat1_ali.o
    0x0800bce9   0x0800bce9   0x00000003   PAD
    0x0800bcec   0x0800bcec   0x000000ea   Data   RO         1218    .conststring        netdriver_ec600.o
    0x0800bdd6   0x0800bdd6   0x00000002   PAD
    0x0800bdd8   0x0800bdd8   0x00000023   Data   RO         1993    .conststring        main.o
    0x0800bdfb   0x0800bdfb   0x00000001   PAD
    0x0800bdfc   0x0800bdfc   0x00000020   Data   RO         6703    Region$$Table       anon$$obj.o


    Execution Region RW_IRAM1 (Exec base: 0x20000000, Load base: 0x0800be1c, Size: 0x00009218, Max: 0x00010000, ABSOLUTE, COMPRESSED[0x00000084])

    Exec Addr    Load Addr    Size         Type   Attr      Idx    E Section Name        Object

    0x20000000   COMPRESSED   0x00000010   Data   RW           14    .data               app_cat1_ali.o
    0x20000010   COMPRESSED   0x00000005   Data   RW          448    .data               key.o
    0x20000015   COMPRESSED   0x00000014   Data   RW          514    .data               led.o
    0x20000029   COMPRESSED   0x00000001   Data   RW          571    .data               oled.o
    0x2000002a   COMPRESSED   0x00000002   PAD
    0x2000002c   COMPRESSED   0x00000008   Data   RW          674    .data               sht20.o
    0x20000034   COMPRESSED   0x00000008   Data   RW          746    .data               mpu6050.o
    0x2000003c   COMPRESSED   0x00000004   Data   RW          840    .data               chip.o
    0x20000040   COMPRESSED   0x00000006   Data   RW          979    .data               uart3_mod.o
    0x20000046   COMPRESSED   0x0000003f   Data   RW         1079    .data               mod_api_ec600.o
    0x20000085   COMPRESSED   0x00000003   PAD
    0x20000088   COMPRESSED   0x00000060   Data   RW         1219    .data               netdriver_ec600.o
    0x200000e8   COMPRESSED   0x00000014   Data   RW         1333    .data               socket_buf.o
    0x200000fc   COMPRESSED   0x00000004   Data   RW         1410    .data               mqttpacket.o
    0x20000100   COMPRESSED   0x0000000c   Data   RW         1690    .data               cjson.o
    0x2000010c   COMPRESSED   0x0000000c   Data   RW         1994    .data               main.o
    0x20000118   COMPRESSED   0x0000000c   Data   RW         2567    .data               stm32f1xx_hal.o
    0x20000124   COMPRESSED   0x00000004   Data   RW         4627    .data               system_stm32f1xx.o
    0x20000128   COMPRESSED   0x0000003c   Data   RW         5260    .data               tasks.o
    0x20000164   COMPRESSED   0x00000014   Data   RW         5581    .data               timers.o
    0x20000178   COMPRESSED   0x00000004   Data   RW         5779    .data               cmsis_os2.o
    0x2000017c   COMPRESSED   0x0000000c   Data   RW         6164    .data               port.o
    0x20000188   COMPRESSED   0x00000004   Data   RW         6673    .data               mc_w.l(mvars.o)
    0x2000018c   COMPRESSED   0x00000004   Data   RW         6674    .data               mc_w.l(mvars.o)
    0x20000190   COMPRESSED   0x00000004   Data   RW         6678    .data               mc_w.l(errno.o)
    0x20000194        -       0x00000840   Zero   RW           11    .bss                app_cat1_ali.o
    0x200009d4        -       0x0000002c   Zero   RW          745    .bss                mpu6050.o
    0x20000a00        -       0x00000030   Zero   RW          838    .bss                chip.o
    0x20000a30        -       0x00000100   Zero   RW          926    .bss                uart1_print.o
    0x20000b30        -       0x00000400   Zero   RW          978    .bss                uart3_mod.o
    0x20000f30        -       0x00000060   Zero   RW         1078    .bss                mod_api_ec600.o
    0x20000f90        -       0x00000480   Zero   RW         1209    .bss                netdriver_ec600.o
    0x20001410        -       0x00000840   Zero   RW         1332    .bss                socket_buf.o
    0x20001c50        -       0x0000019c   Zero   RW         1984    .bss                main.o
    0x20001dec        -       0x00000044   Zero   RW         1985    .bss                main.o
    0x20001e30        -       0x00000200   Zero   RW         1986    .bss                main.o
    0x20002030        -       0x0000005c   Zero   RW         1987    .bss                main.o
    0x2000208c        -       0x00001000   Zero   RW         1988    .bss                main.o
    0x2000308c        -       0x0000005c   Zero   RW         1989    .bss                main.o
    0x200030e8        -       0x00001000   Zero   RW         1990    .bss                main.o
    0x200040e8        -       0x0000005c   Zero   RW         1991    .bss                main.o
    0x20004144        -       0x00000040   Zero   RW         4854    .bss                queue.o
    0x20004184        -       0x000004c4   Zero   RW         5259    .bss                tasks.o
    0x20004648        -       0x00000118   Zero   RW         5580    .bss                timers.o
    0x20004760        -       0x000006b8   Zero   RW         5778    .bss                cmsis_os2.o
    0x20004e18        -       0x00004000   Zero   RW         1966    HEAP                startup_stm32f103xe.o
    0x20008e18        -       0x00000400   Zero   RW         1965    STACK               startup_stm32f103xe.o


==============================================================================

Image component sizes


      Code (inc. data)   RO Data    RW Data    ZI Data      Debug   Object Name

      2040        818        149         16       2112     505248   app_cat1_ali.o
       176         64          0          4         48       2019   chip.o
      4372        238          7         12          0      23525   cjson.o
       380         32          0          4       1720      10594   cmsis_os2.o
         0          0          0          0          0      18684   event_groups.o
         0          0       1520          0          0        564   font.o
         4          0          0          0          0        431   freertos.o
        50          0          0          0          0       1283   heap_3.o
       224         20          0          5          0       2007   key.o
       392         22          0         20          0      11873   led.o
       138          0          0          0          0       3390   list.o
       844        102        143         12       9460       6676   main.o
       408         50          0         63         96       8226   mod_api_ec600.o
       652         68          0          8         44       8576   mpu6050.o
       546         18          0          0          0       4641   mqttconnectclient.o
       212          0          0          0          0       2476   mqttdeserializepublish.o
       424         22          0          4          0      12024   mqttpacket.o
       250          0          0          0          0       4053   mqttserializepublish.o
       124          0          0          0          0       1065   mqttsubscribeclient.o
      2388        654        455         96       1152      15405   netdriver_ec600.o
       658         40          0          1          0       6013   oled.o
       662         70          0         12          0      10813   port.o
      1512         20          0          0         64      16896   queue.o
       464         58          0          8          0       5732   sht20.o
       180         32          0         20       2112       7903   socket_buf.o
        36          8        304          0      17408        768   startup_stm32f103xe.o
       164         28          0         12          0       6509   stm32f1xx_hal.o
       926         44          0          0          0       5452   stm32f1xx_hal_adc.o
       198         14          0          0          0      28935   stm32f1xx_hal_cortex.o
      1166         52          0          0          0       4450   stm32f1xx_hal_dma.o
       524         42          0          0          0       3535   stm32f1xx_hal_gpio.o
      3534         94          0          0          0      17365   stm32f1xx_hal_i2c.o
       672         82          0          0          0       3948   stm32f1xx_hal_msp.o
      1272        100          0          0          0       5188   stm32f1xx_hal_rcc.o
       236         12          0          0          0       1380   stm32f1xx_hal_rcc_ex.o
       752          4          0          0          0       4394   stm32f1xx_hal_spi.o
      1414         24          0          0          0      12352   stm32f1xx_hal_uart.o
        68         10          0          0          0       4018   stm32f1xx_it.o
         0          0          0          0          0       8492   stream_buffer.o
         2          0         24          4          0       1119   system_stm32f1xx.o
      2480        198          0         60       1220      26312   tasks.o
       912         82          0         20        280      25975   timers.o
        74         10          0          0        256       1695   uart1_print.o
       288         82          0          6       1024       6934   uart3_mod.o
       214          0          0          0          0       2206   utils_hmac.o
        18          0          0          0          0        475   utils_md5.o
      5048         38         64          0          0       6205   utils_sha1.o

    ----------------------------------------------------------------------
     37146       3252       2708        392      36996     867824   Object Totals
         0          0         32          0          0          0   (incl. Generated)
        48          0         10          5          0          0   (incl. Padding)

    ----------------------------------------------------------------------

      Code (inc. data)   RO Data    RW Data    ZI Data      Debug   Library Member Name

        62         10          0          0          0        340   dunder.o
       220         16          0          0          0         84   floor.o
        40          0          0          0          0         68   fpclassify.o
       170          0          0          0          0         96   poly.o
      2520        190        136          0          0        324   pow.o
         0          0          8          0          0          0   qnan.o
        76          0          0          0          0         84   sqrt.o
        86          0          0          0          0          0   __dczerorl2.o
        28          0          0          0          0         68   _chval.o
       158          0          0          0          0         92   _strtoul.o
        26          0          0          0          0         80   atoi.o
         8          4        133          0          0         68   ctype_o.o
         0          0          0          0          0          0   entry.o
         0          0          0          0          0          0   entry10a.o
         0          0          0          0          0          0   entry11a.o
         8          4          0          0          0          0   entry2.o
         4          0          0          0          0          0   entry5.o
         0          0          0          0          0          0   entry7b.o
         0          0          0          0          0          0   entry8b.o
         8          4          0          0          0          0   entry9a.o
        20         10          0          4          0        136   errno.o
        30          0          0          0          0          0   handlers.o
        36          8          0          0          0         68   init.o
         0          0          0          0          0          0   iusefp.o
        30          0          0          0          0         68   llshl.o
        36          0          0          0          0         68   llsshr.o
        32          0          0          0          0         68   llushr.o
       188         20          0          0          0        160   malloc.o
        36          0          0          0          0         68   memcpya.o
        36          0          0          0          0        108   memseta.o
         0          0          0          8          0          0   mvars.o
      2390         94          0          0          0        752   printfa.o
        24          0          0          0          0         68   strcat.o
        20          0          0          0          0         68   strchr.o
        18          0          0          0          0         68   strcpy.o
        14          0          0          0          0         68   strlen.o
        30          0          0          0          0         80   strncmp.o
        24          0          0          0          0         76   strncpy.o
        36          0          0          0          0         80   strstr.o
       112          0          0          0          0         88   strtol.o
        12          0          0          0          0         68   tolower.o
        44          0          0          0          0         80   uidiv.o
        98          0          0          0          0         92   uldiv.o
        48          0          0          0          0         68   cdcmple.o
        48          0          0          0          0         68   cdrcmple.o
        56          0          0          0          0         88   d2f.o
       334          0          0          0          0        148   dadd.o
       222          0          0          0          0        100   ddiv.o
       186          0          0          0          0        176   depilogue.o
        62          0          0          0          0         80   dfixi.o
        48          0          0          0          0         68   dfixul.o
        34          0          0          0          0         76   dflti.o
        26          0          0          0          0         76   dfltui.o
       228          0          0          0          0         96   dmul.o
        46          0          0          0          0         80   dscalb.o
       162          0          0          0          0        100   dsqrt.o
        38          0          0          0          0         68   f2d.o
       124          0          0          0          0         88   fdiv.o
       110          0          0          0          0        168   fepilogue.o
        40          0          0          0          0         68   ffixui.o
        18          0          0          0          0         68   fflti.o
        10          0          0          0          0         68   ffltui.o

    ----------------------------------------------------------------------
      8534        360        280         12          0       5388   Library Totals
        14          0          3          0          0          0   (incl. Padding)

    ----------------------------------------------------------------------

      Code (inc. data)   RO Data    RW Data    ZI Data      Debug   Library Name

      3088        216        144          0          0        996   m_ws.l
      3592        144        133         12          0       2640   mc_w.l
      1840          0          0          0          0       1752   mf_w.l

    ----------------------------------------------------------------------
      8534        360        280         12          0       5388   Library Totals

    ----------------------------------------------------------------------

==============================================================================


      Code (inc. data)   RO Data    RW Data    ZI Data      Debug   

     45680       3612       2988        404      36996     854516   Grand Totals
     45680       3612       2988        132      36996     854516   ELF Image Totals (compressed)
     45680       3612       2988        132          0          0   ROM Totals

==============================================================================

    Total RO  Size (Code + RO Data)                48668 (  47.53kB)
    Total RW  Size (RW Data + ZI Data)             37400 (  36.52kB)
    Total ROM Size (Code + RO Data + RW Data)      48800 (  47.66kB)

==============================================================================

